 familyTree

 Timestamp is 5a27d252 (Wed Dec  6 19:19:46 2017)

 Preferred load address is 0000000180000000

 Start         Length     Name                   Class
 0001:00000000 00000130H .text$di                CODE
 0001:00000130 00020c90H .text$mn                CODE
 0001:00020dc0 00000020H .text$mn$00             CODE
 0001:00020de0 00000560H .text$x                 CODE
 0001:00021340 000001e4H .text$yd                CODE
 0002:00000000 000002a8H .idata$5                DATA
 0002:000002a8 00000010H .00cfg                  DATA
 0002:000002b8 00000008H .CRT$XCA                DATA
 0002:000002c0 00000038H .CRT$XCC                DATA
 0002:000002f8 00000010H .CRT$XCL                DATA
 0002:00000308 00000010H .CRT$XCU                DATA
 0002:00000318 00000008H .CRT$XCZ                DATA
 0002:00000320 00000008H .CRT$XIA                DATA
 0002:00000328 00000030H .CRT$XIC                DATA
 0002:00000358 00000008H .CRT$XIZ                DATA
 0002:00000360 00000008H .CRT$XLA                DATA
 0002:00000368 00000008H .CRT$XLZ                DATA
 0002:00000370 00000008H .CRT$XPA                DATA
 0002:00000378 00000010H .CRT$XPX                DATA
 0002:00000388 00000008H .CRT$XPXA               DATA
 0002:00000390 00000008H .CRT$XPZ                DATA
 0002:00000398 00000008H .CRT$XTA                DATA
 0002:000003a0 00000010H .CRT$XTZ                DATA
 0002:000003b0 0000f118H .rdata                  DATA
 0002:0000f4c8 00000028H .rdata$T                DATA
 0002:0000f4f0 00000f44H .rdata$r                DATA
 0002:00010434 000004bcH .rdata$zzzdbg           DATA
 0002:000108f0 00000008H .rtc$IAA                DATA
 0002:000108f8 00000008H .rtc$IZZ                DATA
 0002:00010900 00000008H .rtc$TAA                DATA
 0002:00010908 00000008H .rtc$TZZ                DATA
 0002:00010910 00001ee0H .xdata                  DATA
 0002:000127f0 00000304H .xdata$x                DATA
 0002:00012af4 00000020H .didat$2                DATA
 0002:00012b14 00000024H .didat$3                DATA
 0002:00012b38 00000088H .didat$4                DATA
 0002:00012bc0 00000398H .didat$6                DATA
 0002:00012f58 00000088H .didat$7                DATA
 0002:00012fe0 00000058H .edata                  DATA
 0002:00013038 00000014H .idata$2                DATA
 0002:0001304c 00000014H .idata$3                DATA
 0002:00013060 000002a8H .idata$4                DATA
 0002:00013308 0000061aH .idata$6                DATA
 0003:00000000 00000ba0H .data                   DATA
 0003:00000ba0 00000590H .data$r                 DATA
 0003:00001130 00000090H .didat$5                DATA
 0003:000011c0 00001984H .bss                    DATA
 0004:00000000 00001f5cH .pdata                  DATA
 0005:00000000 000000b4H .gfids$x                DATA
 0005:000000b4 000001ecH .gfids$y                DATA
 0006:00000000 00000004H .tls                    DATA
 0006:00000004 00000004H .tls$                   DATA
 0006:00000008 00000001H .tls$ZZZ                DATA
 0007:00000000 00000060H .rsrc$01                DATA
 0007:00000060 00000180H .rsrc$02                DATA

  Address         Publics by Value              Rva+Base               Lib:Object

 0000:00000000       __guard_iat_count          0000000000000000     <absolute>
 0000:00000000       __dynamic_value_reloc_table 0000000000000000     <absolute>
 0000:00000000       __guard_iat_table          0000000000000000     <absolute>
 0000:00000000       __guard_longjmp_table      0000000000000000     <absolute>
 0000:00000000       __guard_longjmp_count      0000000000000000     <absolute>
 0000:00000000       __guard_fids_count         0000000000000000     <absolute>
 0000:00000000       ___safe_se_handler_table   0000000000000000     <absolute>
 0000:00000000       ___safe_se_handler_count   0000000000000000     <absolute>
 0000:00000000       __guard_fids_table         0000000000000000     <absolute>
 0000:00000100       __guard_flags              0000000000000100     <absolute>
 0000:00000000       __ImageBase                0000000180000000     <linker-defined>
 0001:00000130       ?what@exception@stdext@@UEBAPEBDXZ 0000000180001130 f i familyTree.obj
 0001:00000150       ?imbue@?$basic_streambuf@DU?$char_traits@D@std@@@std@@MEAAXAEBVlocale@2@@Z 0000000180001150 f i libcpmt:cout.obj
 0001:00000150       _guard_check_icall_nop     0000000180001150 f i LIBCMT:guard_support.obj
 0001:00000150       __except_validate_context_record 0000000180001150 f i libvcruntime:jbcxrval.obj
 0001:00000150       ?_Lock@?$basic_streambuf@DU?$char_traits@D@std@@@std@@UEAAXXZ 0000000180001150 f i libcpmt:cout.obj
 0001:00000150       ?_Doraise@exception@stdext@@MEBAXXZ 0000000180001150 f i familyTree.obj
 0001:00000150       ?_Unlock@?$basic_streambuf@DU?$char_traits@D@std@@@std@@UEAAXXZ 0000000180001150 f i libcpmt:cout.obj
 0001:00000160       ??_Gruntime_error@std@@UEAAPEAXI@Z 0000000180001160 f i familyTree.obj
 0001:00000160       ??_Eexception@stdext@@UEAAPEAXI@Z 0000000180001160 f i * CIL library *:* CIL module *
 0001:00000160       ??_Gexception@stdext@@UEAAPEAXI@Z 0000000180001160 f i familyTree.obj
 0001:00000160       ??_Eruntime_error@std@@UEAAPEAXI@Z 0000000180001160 f i * CIL library *:* CIL module *
 0001:00000190       ?_Deallocate@std@@YAXPEAX_K1@Z 0000000180001190 f i familyTree.obj
 0001:00000200       ??1runtime_error@std@@UEAA@XZ 0000000180001200 f i familyTree.obj
 0001:00000210       ??_Eerror_category@std@@UEAAPEAXI@Z 0000000180001210 f i * CIL library *:* CIL module *
 0001:00000210       ??_G_Iostream_error_category@std@@UEAAPEAXI@Z 0000000180001210 f i familyTree.obj
 0001:00000210       ??_Gerror_category@std@@UEAAPEAXI@Z 0000000180001210 f i familyTree.obj
 0001:00000210       ??_E_Iostream_error_category@std@@UEAAPEAXI@Z 0000000180001210 f i * CIL library *:* CIL module *
 0001:00000240       ?default_error_condition@error_category@std@@UEBA?AVerror_condition@2@H@Z 0000000180001240 f i familyTree.obj
 0001:00000250       ?equivalent@error_category@std@@UEBA_NHAEBVerror_condition@2@@Z 0000000180001250 f i familyTree.obj
 0001:000002b0       ?equivalent@error_category@std@@UEBA_NAEBVerror_code@2@H@Z 00000001800012b0 f i familyTree.obj
 0001:000002d0       ??0_System_error@std@@IEAA@Verror_code@1@AEBV?$basic_string@DU?$char_traits@D@std@@V?$allocator@D@2@@1@@Z 00000001800012d0 f i familyTree.obj
 0001:000004f0       ??_E_System_error@std@@UEAAPEAXI@Z 00000001800014f0 f i * CIL library *:* CIL module *
 0001:000004f0       ??_Gfailure@ios_base@std@@UEAAPEAXI@Z 00000001800014f0 f i familyTree.obj
 0001:000004f0       ??_G_System_error@std@@UEAAPEAXI@Z 00000001800014f0 f i familyTree.obj
 0001:000004f0       ??_Efailure@ios_base@std@@UEAAPEAXI@Z 00000001800014f0 f i * CIL library *:* CIL module *
 0001:00000520       ?name@_Iostream_error_category@std@@UEBAPEBDXZ 0000000180001520 f i familyTree.obj
 0001:00000530       ?message@_Iostream_error_category@std@@UEBA?AV?$basic_string@DU?$char_traits@D@std@@V?$allocator@D@2@@2@H@Z 0000000180001530 f i familyTree.obj
 0001:000005b0       ?clear@ios_base@std@@QEAAXH_N@Z 00000001800015b0 f i familyTree.obj
 0001:00000980       ??0Detail@@QEAA@AEBU0@@Z   0000000180001980 f i familyTree.obj
 0001:00000a40       ??0Detail@@QEAA@AEBV?$basic_string@DU?$char_traits@D@std@@V?$allocator@D@2@@std@@000_N@Z 0000000180001a40 f i familyTree.obj
 0001:00000b10       ??4Detail@@QEAAAEAU0@AEBU0@@Z 0000000180001b10 f i familyTree.obj
 0001:00000ba0       ??0Node@@QEAA@AEBU0@@Z     0000000180001ba0 f i familyTree.obj
 0001:00000c10       ??4Node@@QEAAAEAU0@AEBU0@@Z 0000000180001c10 f i familyTree.obj
 0001:00000c80       ??1Detail@@QEAA@XZ         0000000180001c80 f i familyTree.obj
 0001:00000cc0       ??0familyTree@@QEAA@XZ     0000000180001cc0 f   familyTree.obj
 0001:00000ff0       ??1Node@@QEAA@XZ           0000000180001ff0 f i familyTree.obj
 0001:00001040       ?addToParent@familyTree@@QEAA?AUtoReturn@@AEBUDetail@@AEBI@Z 0000000180002040 f   familyTree.obj
 0001:00001270       ?addToCouple@familyTree@@QEAA?AUtoReturn@@AEBUDetail@@AEBI@Z 0000000180002270 f   familyTree.obj
 0001:00001430       ?addToSublings@familyTree@@QEAA?AUtoReturn@@AEBUDetail@@AEBI@Z 0000000180002430 f   familyTree.obj
 0001:000016b0       ?addToChildren@familyTree@@QEAA?AUtoReturn@@AEBUDetail@@AEBI@Z 00000001800026b0 f   familyTree.obj
 0001:00001b50       ?deleteSubTree@familyTree@@QEAA?AUtoReturn@@AEBI@Z 0000000180002b50 f   familyTree.obj
 0001:00001f70       ?traverse@@YAPEAUNode@@PEAU1@AEBI@Z 0000000180002f70 f   familyTree.obj
 0001:00002130       ?nodeToString@familyTree@@QEAA?AV?$basic_string@DU?$char_traits@D@std@@V?$allocator@D@2@@std@@AEAUNode@@@Z 0000000180003130 f   familyTree.obj
 0001:00002e00       ?printTree@familyTree@@QEAA?AV?$basic_string@DU?$char_traits@D@std@@V?$allocator@D@2@@std@@XZ 0000000180003e00 f   familyTree.obj
 0001:00002fd0       ?NODE_SET_METHOD@node@@YAXV?$Local@VObject@v8@@@v8@@PEBDP6AXAEBV?$FunctionCallbackInfo@VValue@v8@@@3@@Z@Z 0000000180003fd0 f i familyTree.obj
 0001:000030a0       ?CreateObject@demo@@YAXAEBV?$FunctionCallbackInfo@VValue@v8@@@v8@@@Z 00000001800040a0 f   familyTree.obj
 0001:000043b0       ?Init@demo@@YAXV?$Local@VObject@v8@@@v8@@0@Z 00000001800053b0 f   familyTree.obj
 0001:000043e0       ?push_back@?$vector@UNode@@V?$allocator@UNode@@@std@@@std@@QEAAX$$QEAUNode@@@Z 00000001800053e0 f i familyTree.obj
 0001:000043e0       ?push_back@?$vector@UNode@@V?$allocator@UNode@@@std@@@std@@QEAAXAEBUNode@@@Z 00000001800053e0 f i familyTree.obj
 0001:000044c0       ??4?$vector@UNode@@V?$allocator@UNode@@@std@@@std@@QEAAAEAV01@AEBV01@@Z 00000001800054c0 f i familyTree.obj
 0001:00004680       ??0?$vector@UNode@@V?$allocator@UNode@@@std@@@std@@QEAA@AEBV01@@Z 0000000180005680 f i familyTree.obj
 0001:00004780       ??1?$basic_string@DU?$char_traits@D@std@@V?$allocator@D@2@@std@@QEAA@XZ 0000000180005780 f i familyTree.obj
 0001:00004810       ??4?$basic_string@DU?$char_traits@D@std@@V?$allocator@D@2@@std@@QEAAAEAV01@$$QEAV01@@Z 0000000180005810 f i familyTree.obj
 0001:000048c0       ??0?$basic_string@DU?$char_traits@D@std@@V?$allocator@D@2@@std@@QEAA@$$QEAV01@@Z 00000001800058c0 f i familyTree.obj
 0001:00004960       ??0?$basic_string@DU?$char_traits@D@std@@V?$allocator@D@2@@std@@QEAA@PEBD@Z 0000000180005960 f i familyTree.obj
 0001:000049a0       ?deallocate@?$_Wrap_alloc@V?$allocator@UNode@@@std@@@std@@QEAAXPEAUNode@@_K@Z 00000001800059a0 f i familyTree.obj
 0001:00004a10       ?_Tidy@?$vector@UNode@@V?$allocator@UNode@@@std@@@std@@IEAAXXZ 0000000180005a10 f i familyTree.obj
 0001:00004b20       ?_Reserve@?$vector@UNode@@V?$allocator@UNode@@@std@@@std@@IEAAX_K@Z 0000000180005b20 f i familyTree.obj
 0001:00004bf0       ?_Destroy@?$vector@UNode@@V?$allocator@UNode@@@std@@@std@@IEAAXPEAUNode@@0@Z 0000000180005bf0 f i familyTree.obj
 0001:00004c50       ?_Buy@?$vector@UNode@@V?$allocator@UNode@@@std@@@std@@IEAA_N_K@Z 0000000180005c50 f i familyTree.obj
 0001:00004cc0       ?clear@?$vector@UNode@@V?$allocator@UNode@@@std@@@std@@QEAAXXZ 0000000180005cc0 f i familyTree.obj
 0001:00004d40       ?_Tidy@?$basic_string@DU?$char_traits@D@std@@V?$allocator@D@2@@std@@QEAAX_N_K@Z 0000000180005d40 f i familyTree.obj
 0001:00004df0       ?assign@?$basic_string@DU?$char_traits@D@std@@V?$allocator@D@2@@std@@QEAAAEAV12@PEBD_K@Z 0000000180005df0 f i familyTree.obj
 0001:00004f20       ?assign@?$basic_string@DU?$char_traits@D@std@@V?$allocator@D@2@@std@@QEAAAEAV12@AEBV12@_K1@Z 0000000180005f20 f i familyTree.obj
 0001:00005050       ?append@?$basic_string@DU?$char_traits@D@std@@V?$allocator@D@2@@std@@QEAAAEAV12@PEBD_K@Z 0000000180006050 f i familyTree.obj
 0001:000051a0       ?append@?$basic_string@DU?$char_traits@D@std@@V?$allocator@D@2@@std@@QEAAAEAV12@AEBV12@_K1@Z 00000001800061a0 f i familyTree.obj
 0001:000052d0       ?_Assign_rv@?$basic_string@DU?$char_traits@D@std@@V?$allocator@D@2@@std@@QEAAX$$QEAV12@@Z 00000001800062d0 f i familyTree.obj
 0001:00005350       ?allocate@?$_Wrap_alloc@V?$allocator@UNode@@@std@@@std@@QEAAPEAUNode@@_K@Z 0000000180006350 f i familyTree.obj
 0001:000053c0       ?_Reallocate@?$vector@UNode@@V?$allocator@UNode@@@std@@@std@@IEAAX_K@Z 00000001800063c0 f i familyTree.obj
 0001:00005590       ?deallocate@?$_Wrap_alloc@V?$allocator@D@std@@@std@@QEAAXPEAD_K@Z 0000000180006590 f i familyTree.obj
 0001:000055f0       ?_Xlen@?$basic_string@DU?$char_traits@D@std@@V?$allocator@D@2@@std@@QEBAXXZ 00000001800065f0 f i familyTree.obj
 0001:00005610       ?erase@?$basic_string@DU?$char_traits@D@std@@V?$allocator@D@2@@std@@QEAAAEAV12@_K0@Z 0000000180006610 f i familyTree.obj
 0001:000056e0       ?_Copy@?$basic_string@DU?$char_traits@D@std@@V?$allocator@D@2@@std@@QEAAX_K0@Z 00000001800066e0 f i familyTree.obj
 0001:00005860       ??$_Immortalize@V_Iostream_error_category@std@@@std@@YAAEAV_Iostream_error_category@0@XZ 0000000180006860 f i familyTree.obj
 0001:000058e0       ??$_Integral_to_string@DI@std@@YA?AV?$basic_string@DU?$char_traits@D@std@@V?$allocator@D@2@@0@I@Z 00000001800068e0 f i familyTree.obj
 0001:00005970       ??$?HDU?$char_traits@D@std@@V?$allocator@D@1@@std@@YA?AV?$basic_string@DU?$char_traits@D@std@@V?$allocator@D@2@@0@AEBV10@PEBD@Z 0000000180006970 f i familyTree.obj
 0001:00005a10       ??$?6U?$char_traits@D@std@@@std@@YAAEAV?$basic_ostream@DU?$char_traits@D@std@@@0@AEAV10@PEBD@Z 0000000180006a10 f i familyTree.obj
 0001:00005c70       ??$_Copy_unchecked@PEAUNode@@PEAU1@@std@@YAPEAUNode@@PEAU1@00@Z 0000000180006c70 f i familyTree.obj
 0001:00005cd0       ??0sentry@?$basic_ostream@DU?$char_traits@D@std@@@std@@QEAA@AEAV12@@Z 0000000180006cd0 f i familyTree.obj
 0001:00005d40       ?reserve@?$basic_string@DU?$char_traits@D@std@@V?$allocator@D@2@@std@@QEAAX_K@Z 0000000180006d40 f i familyTree.obj
 0001:00005df0       ?insert@?$basic_string@DU?$char_traits@D@std@@V?$allocator@D@2@@std@@QEAAAEAV12@_KPEBD0@Z 0000000180006df0 f i familyTree.obj
 0001:00005f70       ?insert@?$basic_string@DU?$char_traits@D@std@@V?$allocator@D@2@@std@@QEAAAEAV12@_KAEBV12@00@Z 0000000180006f70 f i familyTree.obj
 0001:00006110       ?flush@?$basic_ostream@DU?$char_traits@D@std@@@std@@QEAAAEAV12@XZ 0000000180007110 f i familyTree.obj
 0001:00006200       ??$_Move_unchecked1@PEAUNode@@PEAU1@@std@@YAPEAUNode@@PEAU1@00U_General_ptr_iterator_tag@0@@Z 0000000180007200 f i familyTree.obj
 0001:00006300       ??$_Uninitialized_move_al_unchecked1@PEAUNode@@PEAU1@V?$allocator@UNode@@@std@@@std@@YAPEAUNode@@PEAU1@00AEAU?$_Wrap_alloc@V?$allocator@UNode@@@std@@@0@U_General_ptr_iterator_tag@0@U_Any_tag@0@@Z 0000000180007300 f i familyTree.obj
 0001:00006300       ??$_Uninitialized_copy_al_unchecked1@PEAUNode@@PEAU1@V?$allocator@UNode@@@std@@@std@@YAPEAUNode@@PEAU1@00AEAU?$_Wrap_alloc@V?$allocator@UNode@@@std@@@0@U_General_ptr_iterator_tag@0@U_Any_tag@0@@Z 0000000180007300 f i familyTree.obj
 0001:000063ec       __imp_load_?GetCurrent@Isolate@v8@@SAPEAV12@XZ 00000001800073ec f   node:node.exe
 0001:000063f8       __tailMerge_node_exe       00000001800073f8 f i node:node.exe
 0001:00006471       __imp_load_??1HandleScope@v8@@QEAA@XZ 0000000180007471 f   node:node.exe
 0001:0000647d       __imp_load_??0HandleScope@v8@@QEAA@PEAVIsolate@1@@Z 000000018000747d f   node:node.exe
 0001:00006489       __imp_load_?GetFunction@FunctionTemplate@v8@@QEAA?AV?$Local@VFunction@v8@@@2@XZ 0000000180007489 f   node:node.exe
 0001:00006495       __imp_load_?New@FunctionTemplate@v8@@SA?AV?$Local@VFunctionTemplate@v8@@@2@PEAVIsolate@2@P6AXAEBV?$FunctionCallbackInfo@VValue@v8@@@2@@ZV?$Local@VValue@v8@@@2@V?$Local@VSignature@v8@@@2@HW4ConstructorBehavior@2@@Z 0000000180007495 f   node:node.exe
 0001:000064a1       __imp_load_?Int32Value@Value@v8@@QEBAHXZ 00000001800074a1 f   node:node.exe
 0001:000064ad       __imp_load_?Uint32Value@Value@v8@@QEBAIXZ 00000001800074ad f   node:node.exe
 0001:000064b9       __imp_load_?BooleanValue@Value@v8@@QEBA_NXZ 00000001800074b9 f   node:node.exe
 0001:000064c5       __imp_load_??1Utf8Value@String@v8@@QEAA@XZ 00000001800074c5 f   node:node.exe
 0001:000064d1       __imp_load_??0Utf8Value@String@v8@@QEAA@V?$Local@VValue@v8@@@2@@Z 00000001800074d1 f   node:node.exe
 0001:000064dd       __imp_load_?NewFromUtf8@String@v8@@SA?AV?$Local@VString@v8@@@2@PEAVIsolate@2@PEBDW4NewStringType@12@H@Z 00000001800074dd f   node:node.exe
 0001:000064e9       __imp_load_?New@Object@v8@@SA?AV?$Local@VObject@v8@@@2@PEAVIsolate@2@@Z 00000001800074e9 f   node:node.exe
 0001:000064f5       __imp_load_?Set@Object@v8@@QEAA_NV?$Local@VValue@v8@@@2@0@Z 00000001800074f5 f   node:node.exe
 0001:00006501       __imp_load_?SetName@Function@v8@@QEAAXV?$Local@VString@v8@@@2@@Z 0000000180007501 f   node:node.exe
 0001:0000650d       __imp_load_node_module_register 000000018000750d f   node:node.exe
 0001:00006519       __imp_load_??DUtf8Value@String@v8@@QEAAPEADXZ 0000000180007519 f   node:node.exe
 0001:00006528       ??$use_facet@V?$codecvt@DDU_Mbstatet@@@std@@@std@@YAAEBV?$codecvt@DDU_Mbstatet@@@0@AEBVlocale@0@@Z 0000000180007528 f i libcpmt:cout.obj
 0001:00006660       ??$use_facet@V?$ctype@D@std@@@std@@YAAEBV?$ctype@D@0@AEBVlocale@0@@Z 0000000180007660 f i libcpmt:cout.obj
 0001:00006798       ??0?$basic_ostream@DU?$char_traits@D@std@@@std@@QEAA@PEAV?$basic_streambuf@DU?$char_traits@D@std@@@1@_N@Z 0000000180007798 f i libcpmt:cout.obj
 0001:00006860       ??0?$basic_streambuf@DU?$char_traits@D@std@@@std@@IEAA@XZ 0000000180007860 f i libcpmt:cout.obj
 0001:00006910       ??0_Init_cout@std@@QEAA@XZ 0000000180007910 f i libcpmt:cout.obj
 0001:0000697c       ??0_Locinfo@std@@QEAA@PEBD@Z 000000018000797c f i libcpmt:cout.obj
 0001:00006a14       ??0bad_cast@std@@QEAA@AEBV01@@Z 0000000180007a14 f i libcpmt:cout.obj
 0001:00006a54       ??0bad_cast@std@@QEAA@XZ   0000000180007a54 f i libcpmt:cout.obj
 0001:00006a74       ??0exception@std@@QEAA@AEBV01@@Z 0000000180007a74 f i libcpmt:cout.obj
 0001:00006aac       ??0runtime_error@std@@QEAA@AEBV01@@Z 0000000180007aac f i libcpmt:cout.obj
 0001:00006aec       ??0runtime_error@std@@QEAA@PEBD@Z 0000000180007aec f i libcpmt:cout.obj
 0001:00006b38       ??1?$_Yarn@_W@std@@QEAA@XZ 0000000180007b38 f i libcpmt:cout.obj
 0001:00006b38       ??1?$_Yarn@D@std@@QEAA@XZ  0000000180007b38 f i libcpmt:cout.obj
 0001:00006b58       ??1?$basic_filebuf@DU?$char_traits@D@std@@@std@@UEAA@XZ 0000000180007b58 f i libcpmt:cout.obj
 0001:00006c04       ??1?$basic_ios@DU?$char_traits@D@std@@@std@@UEAA@XZ 0000000180007c04 f i libcpmt:cout.obj
 0001:00006c28       ??1_Locinfo@std@@QEAA@XZ   0000000180007c28 f i libcpmt:cout.obj
 0001:00006cc8       ??1locale@std@@QEAA@XZ     0000000180007cc8 f i libcpmt:cout.obj
 0001:00006d28       ??_E?$basic_ostream@DU?$char_traits@D@std@@@std@@$4PPPPPPPM@A@EAAPEAXI@Z 0000000180007d28 f i libcpmt:cout.obj
 0001:00006d34       ??_E?$basic_filebuf@DU?$char_traits@D@std@@@std@@UEAAPEAXI@Z 0000000180007d34 f i libcpmt:cout.obj
 0001:00006d34       ??_G?$basic_filebuf@DU?$char_traits@D@std@@@std@@UEAAPEAXI@Z 0000000180007d34 f i libcpmt:cout.obj
 0001:00006d68       ??_G?$basic_ios@DU?$char_traits@D@std@@@std@@UEAAPEAXI@Z 0000000180007d68 f i libcpmt:cout.obj
 0001:00006d68       ??_E?$basic_ios@DU?$char_traits@D@std@@@std@@UEAAPEAXI@Z 0000000180007d68 f i libcpmt:cout.obj
 0001:00006db4       ??_G?$basic_ostream@DU?$char_traits@D@std@@@std@@UEAAPEAXI@Z 0000000180007db4 f i libcpmt:cout.obj
 0001:00006db4       ??_E?$basic_ostream@DU?$char_traits@D@std@@@std@@UEAAPEAXI@Z 0000000180007db4 f i libcpmt:cout.obj
 0001:00006e24       ??_E?$basic_streambuf@DU?$char_traits@D@std@@@std@@UEAAPEAXI@Z 0000000180007e24 f i libcpmt:cout.obj
 0001:00006e24       ??_G?$basic_streambuf@DU?$char_traits@D@std@@@std@@UEAAPEAXI@Z 0000000180007e24 f i libcpmt:cout.obj
 0001:00006e74       ??_E?$codecvt@DDU_Mbstatet@@@std@@MEAAPEAXI@Z 0000000180007e74 f i libcpmt:cout.obj
 0001:00006e74       ??_G?$codecvt@DDU_Mbstatet@@@std@@MEAAPEAXI@Z 0000000180007e74 f i libcpmt:cout.obj
 0001:00006ea0       ??_G?$ctype@D@std@@MEAAPEAXI@Z 0000000180007ea0 f i libcpmt:cout.obj
 0001:00006ea0       ??_E?$ctype@D@std@@MEAAPEAXI@Z 0000000180007ea0 f i libcpmt:cout.obj
 0001:00006f0c       ??_G_Facet_base@std@@UEAAPEAXI@Z 0000000180007f0c f i libcpmt:cout.obj
 0001:00006f0c       ??_E_Facet_base@std@@UEAAPEAXI@Z 0000000180007f0c f i libcpmt:cout.obj
 0001:00006f38       ??_Eios_base@std@@UEAAPEAXI@Z 0000000180007f38 f i libcpmt:cout.obj
 0001:00006f38       ??_Gios_base@std@@UEAAPEAXI@Z 0000000180007f38 f i libcpmt:cout.obj
 0001:00006f84       ??_Glocale@std@@QEAAPEAXI@Z 0000000180007f84 f i libcpmt:cout.obj
 0001:00007014       ?_Decref@facet@locale@std@@UEAAPEAV_Facet_base@3@XZ 0000000180008014 f i libcpmt:cout.obj
 0001:00007024       ?_Endwrite@?$basic_filebuf@DU?$char_traits@D@std@@@std@@IEAA_NXZ 0000000180008024 f i libcpmt:cout.obj
 0001:000071d8       ?_Getcat@?$codecvt@DDU_Mbstatet@@@std@@SA_KPEAPEBVfacet@locale@2@PEBV42@@Z 00000001800081d8 f i libcpmt:cout.obj
 0001:0000729c       ?_Getcat@?$ctype@D@std@@SA_KPEAPEBVfacet@locale@2@PEBV42@@Z 000000018000829c f i libcpmt:cout.obj
 0001:00007380       ?_Incref@facet@locale@std@@UEAAXXZ 0000000180008380 f i libcpmt:cout.obj
 0001:00007388       ?_Init@?$basic_filebuf@DU?$char_traits@D@std@@@std@@IEAAXPEAU_iobuf@@W4_Initfl@12@@Z 0000000180008388 f i libcpmt:cout.obj
 0001:00007474       ?_Init@ios_base@std@@IEAAXXZ 0000000180008474 f i libcpmt:cout.obj
 0001:000074f4       ?_Initcvt@?$basic_filebuf@DU?$char_traits@D@std@@@std@@IEAAXPEBV?$codecvt@DDU_Mbstatet@@@2@@Z 00000001800084f4 f i libcpmt:cout.obj
 0001:00007594       ?_Lock@?$basic_filebuf@DU?$char_traits@D@std@@@std@@UEAAXXZ 0000000180008594 f i libcpmt:cout.obj
 0001:000075b0       ?_Unlock@?$basic_filebuf@DU?$char_traits@D@std@@@std@@UEAAXXZ 00000001800085b0 f i libcpmt:cout.obj
 0001:000075cc       ?append@?$basic_string@DU?$char_traits@D@std@@V?$allocator@D@2@@std@@QEAAAEAV12@_KD@Z 00000001800085cc f i libcpmt:cout.obj
 0001:000076bc       ?do_length@?$codecvt@DDU_Mbstatet@@@std@@MEBAHAEAU_Mbstatet@@PEBD1_K@Z 00000001800086bc f i libcpmt:cout.obj
 0001:000076d0       ?do_narrow@?$ctype@D@std@@MEBAPEBDPEBD0DPEAD@Z 00000001800086d0 f i libcpmt:cout.obj
 0001:000076f0       ?do_in@?$codecvt@DDU_Mbstatet@@@std@@MEBAHAEAU_Mbstatet@@PEBD1AEAPEBDPEAD3AEAPEAD@Z 00000001800086f0 f i libcpmt:cout.obj
 0001:000076f0       ?do_out@?$codecvt@DDU_Mbstatet@@@std@@MEBAHAEAU_Mbstatet@@PEBD1AEAPEBDPEAD3AEAPEAD@Z 00000001800086f0 f i libcpmt:cout.obj
 0001:0000770c       ?do_tolower@?$ctype@D@std@@MEBADD@Z 000000018000870c f i libcpmt:cout.obj
 0001:0000771c       ?do_tolower@?$ctype@D@std@@MEBAPEBDPEADPEBD@Z 000000018000871c f i libcpmt:cout.obj
 0001:0000777c       ?do_toupper@?$ctype@D@std@@MEBADD@Z 000000018000877c f i libcpmt:cout.obj
 0001:0000778c       ?do_toupper@?$ctype@D@std@@MEBAPEBDPEADPEBD@Z 000000018000878c f i libcpmt:cout.obj
 0001:000077ec       ?do_unshift@?$codecvt@DDU_Mbstatet@@@std@@MEBAHAEAU_Mbstatet@@PEAD1AEAPEAD@Z 00000001800087ec f i libcpmt:cout.obj
 0001:000077f8       ?do_narrow@?$ctype@D@std@@MEBADDD@Z 00000001800087f8 f i libcpmt:cout.obj
 0001:000077f8       ?do_widen@?$ctype@D@std@@MEBADD@Z 00000001800087f8 f i libcpmt:cout.obj
 0001:000077fc       ?do_widen@?$ctype@D@std@@MEBAPEBDPEBD0PEAD@Z 00000001800087fc f i libcpmt:cout.obj
 0001:0000781c       ?getloc@ios_base@std@@QEBA?AVlocale@2@XZ 000000018000881c f i libcpmt:cout.obj
 0001:00007874       ?imbue@?$basic_filebuf@DU?$char_traits@D@std@@@std@@MEAAXAEBVlocale@2@@Z 0000000180008874 f i libcpmt:cout.obj
 0001:00007898       ?overflow@?$basic_filebuf@DU?$char_traits@D@std@@@std@@MEAAHH@Z 0000000180008898 f i libcpmt:cout.obj
 0001:00007af8       ?pbackfail@?$basic_filebuf@DU?$char_traits@D@std@@@std@@MEAAHH@Z 0000000180008af8 f i libcpmt:cout.obj
 0001:00007bc8       ?seekoff@?$basic_filebuf@DU?$char_traits@D@std@@@std@@MEAA?AV?$fpos@U_Mbstatet@@@2@_JHH@Z 0000000180008bc8 f i libcpmt:cout.obj
 0001:00007cb4       ?seekoff@?$basic_streambuf@DU?$char_traits@D@std@@@std@@MEAA?AV?$fpos@U_Mbstatet@@@2@_JHH@Z 0000000180008cb4 f i libcpmt:cout.obj
 0001:00007cb4       ?seekpos@?$basic_streambuf@DU?$char_traits@D@std@@@std@@MEAA?AV?$fpos@U_Mbstatet@@@2@V32@H@Z 0000000180008cb4 f i libcpmt:cout.obj
 0001:00007cd0       ?seekpos@?$basic_filebuf@DU?$char_traits@D@std@@@std@@MEAA?AV?$fpos@U_Mbstatet@@@2@V32@H@Z 0000000180008cd0 f i libcpmt:cout.obj
 0001:00007dd0       ?setbuf@?$basic_filebuf@DU?$char_traits@D@std@@@std@@MEAAPEAV?$basic_streambuf@DU?$char_traits@D@std@@@2@PEAD_J@Z 0000000180008dd0 f i libcpmt:cout.obj
 0001:00007e24       ?setbuf@?$basic_streambuf@DU?$char_traits@D@std@@@std@@MEAAPEAV12@PEAD_J@Z 0000000180008e24 f i libcpmt:cout.obj
 0001:00007e28       ?sync@?$basic_filebuf@DU?$char_traits@D@std@@@std@@MEAAHXZ 0000000180008e28 f i libcpmt:cout.obj
 0001:00007e88       ?showmanyc@?$basic_streambuf@DU?$char_traits@D@std@@@std@@MEAA_JXZ 0000000180008e88 f i libcpmt:cout.obj
 0001:00007e88       ?sync@?$basic_streambuf@DU?$char_traits@D@std@@@std@@MEAAHXZ 0000000180008e88 f i libcpmt:cout.obj
 0001:00007e8c       ?uflow@?$basic_filebuf@DU?$char_traits@D@std@@@std@@MEAAHXZ 0000000180008e8c f i libcpmt:cout.obj
 0001:00008124       ?uflow@?$basic_streambuf@DU?$char_traits@D@std@@@std@@MEAAHXZ 0000000180009124 f i libcpmt:cout.obj
 0001:00008170       ?underflow@?$basic_filebuf@DU?$char_traits@D@std@@@std@@MEAAHXZ 0000000180009170 f i libcpmt:cout.obj
 0001:000081e8       ?pbackfail@?$basic_streambuf@DU?$char_traits@D@std@@@std@@MEAAHH@Z 00000001800091e8 f i libcpmt:cout.obj
 0001:000081e8       ?overflow@?$basic_streambuf@DU?$char_traits@D@std@@@std@@MEAAHH@Z 00000001800091e8 f i libcpmt:cout.obj
 0001:000081e8       ?underflow@?$basic_streambuf@DU?$char_traits@D@std@@@std@@MEAAHXZ 00000001800091e8 f i libcpmt:cout.obj
 0001:000081ec       ?what@exception@std@@UEBAPEBDXZ 00000001800091ec f i libcpmt:cout.obj
 0001:00008200       ?widen@?$basic_ios@DU?$char_traits@D@std@@@std@@QEBADD@Z 0000000180009200 f i libcpmt:cout.obj
 0001:000082a0       ?xsgetn@?$basic_streambuf@DU?$char_traits@D@std@@@std@@MEAA_JPEAD_J@Z 00000001800092a0 f i libcpmt:cout.obj
 0001:00008360       ?xsputn@?$basic_streambuf@DU?$char_traits@D@std@@@std@@MEAA_JPEBD_J@Z 0000000180009360 f i libcpmt:cout.obj
 0001:00008424       ??0bad_alloc@std@@QEAA@AEBV01@@Z 0000000180009424 f i libcpmt:xthrow.obj
 0001:00008464       ??0bad_alloc@std@@QEAA@XZ  0000000180009464 f i libcpmt:xthrow.obj
 0001:00008484       ??0length_error@std@@QEAA@AEBV01@@Z 0000000180009484 f i libcpmt:xthrow.obj
 0001:000084c4       ??0length_error@std@@QEAA@PEBD@Z 00000001800094c4 f i libcpmt:xthrow.obj
 0001:00008510       ??0logic_error@std@@QEAA@AEBV01@@Z 0000000180009510 f i libcpmt:xthrow.obj
 0001:00008550       ??0out_of_range@std@@QEAA@AEBV01@@Z 0000000180009550 f i libcpmt:xthrow.obj
 0001:00008590       ??0out_of_range@std@@QEAA@PEBD@Z 0000000180009590 f i libcpmt:xthrow.obj
 0001:000085dc       ??1out_of_range@std@@UEAA@XZ 00000001800095dc f i libcpmt:xthrow.obj
 0001:000085dc       ??1bad_array_new_length@std@@UEAA@XZ 00000001800095dc f i LIBCMT:throw_bad_alloc.obj
 0001:000085dc       ??1bad_cast@std@@UEAA@XZ   00000001800095dc f i libcpmt:cout.obj
 0001:000085dc       ??1bad_alloc@std@@UEAA@XZ  00000001800095dc f i libcpmt:xthrow.obj
 0001:000085dc       ??1length_error@std@@UEAA@XZ 00000001800095dc f i libcpmt:xthrow.obj
 0001:000085dc       ??1bad_exception@std@@UEAA@XZ 00000001800095dc f i libvcruntime:frame.obj
 0001:000085f0       ??_Eout_of_range@std@@UEAAPEAXI@Z 00000001800095f0 f i libcpmt:xthrow.obj
 0001:000085f0       ??_Gbad_alloc@std@@UEAAPEAXI@Z 00000001800095f0 f i libcpmt:xthrow.obj
 0001:000085f0       ??_Ebad_array_new_length@std@@UEAAPEAXI@Z 00000001800095f0 f i LIBCMT:throw_bad_alloc.obj
 0001:000085f0       ??_Gout_of_range@std@@UEAAPEAXI@Z 00000001800095f0 f i libcpmt:xthrow.obj
 0001:000085f0       ??_Elength_error@std@@UEAAPEAXI@Z 00000001800095f0 f i libcpmt:xthrow.obj
 0001:000085f0       ??_Gbad_array_new_length@std@@UEAAPEAXI@Z 00000001800095f0 f i LIBCMT:throw_bad_alloc.obj
 0001:000085f0       ??_Gbad_exception@std@@UEAAPEAXI@Z 00000001800095f0 f i libvcruntime:frame.obj
 0001:000085f0       ??_Ebad_cast@std@@UEAAPEAXI@Z 00000001800095f0 f i libcpmt:cout.obj
 0001:000085f0       ??_Gexception@std@@UEAAPEAXI@Z 00000001800095f0 f i libcpmt:cout.obj
 0001:000085f0       ??_Glength_error@std@@UEAAPEAXI@Z 00000001800095f0 f i libcpmt:xthrow.obj
 0001:000085f0       ??_Ebad_alloc@std@@UEAAPEAXI@Z 00000001800095f0 f i libcpmt:xthrow.obj
 0001:000085f0       ??_Eexception@std@@UEAAPEAXI@Z 00000001800095f0 f i libcpmt:cout.obj
 0001:000085f0       ??_Gbad_cast@std@@UEAAPEAXI@Z 00000001800095f0 f i libcpmt:cout.obj
 0001:000085f0       ??_Glogic_error@std@@UEAAPEAXI@Z 00000001800095f0 f i libcpmt:xthrow.obj
 0001:000085f0       ??_Ebad_exception@std@@UEAAPEAXI@Z 00000001800095f0 f i libvcruntime:frame.obj
 0001:000085f0       ??_Elogic_error@std@@UEAAPEAXI@Z 00000001800095f0 f i libcpmt:xthrow.obj
 0001:00008634       ?_Xlength_error@std@@YAXPEBD@Z 0000000180009634 f   libcpmt:xthrow.obj
 0001:00008658       ?_Xout_of_range@std@@YAXPEBD@Z 0000000180009658 f   libcpmt:xthrow.obj
 0001:0000867c       ?_Syserror_map@std@@YAPEBDH@Z 000000018000967c f   libcpmt:syserror.obj
 0001:000086a4       ??0_Init_locks@std@@QEAA@XZ 00000001800096a4 f   libcpmt:xlock.obj
 0001:000086f0       ??0_Lockit@std@@QEAA@H@Z   00000001800096f0 f   libcpmt:xlock.obj
 0001:0000872c       ??1_Init_locks@std@@QEAA@XZ 000000018000972c f   libcpmt:xlock.obj
 0001:00008770       ??1_Lockit@std@@QEAA@XZ    0000000180009770 f   libcpmt:xlock.obj
 0001:000087a4       _Getctype                  00000001800097a4 f   libcpmt:_tolower.obj
 0001:00008864       _Tolower                   0000000180009864 f   libcpmt:_tolower.obj
 0001:0000898c       _Toupper                   000000018000998c f   libcpmt:_toupper.obj
 0001:00008ac4       ??4?$_Yarn@D@std@@QEAAAEAV01@PEBD@Z 0000000180009ac4 f i libcpmt:locale0.obj
 0001:00008b3c       ??_G_Fac_node@std@@QEAAPEAXI@Z 0000000180009b3c f i libcpmt:locale0.obj
 0001:00008bc8       ??_G_Locimp@locale@std@@MEAAPEAXI@Z 0000000180009bc8 f i libcpmt:locale0.obj
 0001:00008bc8       ??_E_Locimp@locale@std@@MEAAPEAXI@Z 0000000180009bc8 f i libcpmt:locale0.obj
 0001:00008c34       ?_Facet_Register@std@@YAXPEAV_Facet_base@1@@Z 0000000180009c34 f   libcpmt:locale0.obj
 0001:00008c6c       ?_Getgloballocale@locale@std@@CAPEAV_Locimp@12@XZ 0000000180009c6c f   libcpmt:locale0.obj
 0001:00008c74       ?_Init@locale@std@@CAPEAV_Locimp@12@_N@Z 0000000180009c74 f   libcpmt:locale0.obj
 0001:00008d30       ?_Locimp_dtor@_Locimp@locale@std@@CAXPEAV123@@Z 0000000180009d30 f   libcpmt:locale0.obj
 0001:00008dd8       ?_Locinfo_ctor@_Locinfo@std@@SAXPEAV12@PEBD@Z 0000000180009dd8 f   libcpmt:locale0.obj
 0001:00008e44       ?_Locinfo_dtor@_Locinfo@std@@SAXPEAV12@@Z 0000000180009e44 f   libcpmt:locale0.obj
 0001:00008e68       ?_New_Locimp@_Locimp@locale@std@@CAPEAV123@_N@Z 0000000180009e68 f   libcpmt:locale0.obj
 0001:00008ed8       ?_Setgloballocale@locale@std@@CAXPEAX@Z 0000000180009ed8 f   libcpmt:locale0.obj
 0001:00008f0c       _Deletegloballocale        0000000180009f0c f   libcpmt:locale0.obj
 0001:00008f94       ?_Addstd@ios_base@std@@SAXPEAV12@@Z 0000000180009f94 f   libcpmt:ios.obj
 0001:00009004       ?_Ios_base_dtor@ios_base@std@@CAXPEAV12@@Z 000000018000a004 f   libcpmt:ios.obj
 0001:00009048       ?_Tidy@ios_base@std@@AEAAXXZ 000000018000a048 f i libcpmt:ios.obj
 0001:000090d8       ?_Atexit@@YAXP6AXXZ@Z      000000018000a0d8 f   libcpmt:iosptrs.obj
 0001:00009118       _Mtxdst                    000000018000a118 f   libcpmt:xmtx.obj
 0001:00009120       _Mtxinit                   000000018000a120 f   libcpmt:xmtx.obj
 0001:00009130       _Mtxlock                   000000018000a130 f   libcpmt:xmtx.obj
 0001:00009138       _Mtxunlock                 000000018000a138 f   libcpmt:xmtx.obj
 0001:00009140       __crtLCMapStringA          000000018000a140 f   libcpmt:StlLCMapStringA.obj
 0001:0000942c       __local_stdio_printf_options 000000018000a42c f i libcpmt:locale.obj
 0001:00009904       __crtInitializeCriticalSectionEx 000000018000a904 f   libcpmt:winapisupp.obj
 0001:00009964       GetTableIndexFromLocaleName 000000018000a964 f   libcpmt:winapinls.obj
 0001:000099f0       __crtDownlevelLocaleNameToLCID 000000018000a9f0 f   libcpmt:winapinls.obj
 0001:00009a24       __crtLCMapStringEx         000000018000aa24 f   libcpmt:winapinls.obj
 0001:00009ae0       __wcsnicmp_ascii           000000018000aae0 f   libcpmt:winapinls.obj
 0001:00009b50       __security_check_cookie    000000018000ab50 f   LIBCMT:_amdsecgs_.obj
 0001:00009cbc       _Init_thread_footer        000000018000acbc f   LIBCMT:thread_safe_statics.obj
 0001:00009d1c       _Init_thread_header        000000018000ad1c f   LIBCMT:thread_safe_statics.obj
 0001:00009d84       _Init_thread_notify        000000018000ad84 f   LIBCMT:thread_safe_statics.obj
 0001:00009de0       _Init_thread_wait          000000018000ade0 f   LIBCMT:thread_safe_statics.obj
 0001:00009e78       ??2@YAPEAX_K@Z             000000018000ae78 f   LIBCMT:new_scalar.obj
 0001:00009eb4       __scrt_acquire_startup_lock 000000018000aeb4 f   LIBCMT:utility.obj
 0001:00009ef0       __scrt_dllmain_after_initialize_c 000000018000aef0 f   LIBCMT:utility.obj
 0001:00009f24       __scrt_dllmain_before_initialize_c 000000018000af24 f   LIBCMT:utility.obj
 0001:00009f3c       __scrt_dllmain_crt_thread_attach 000000018000af3c f   LIBCMT:utility.obj
 0001:00009f64       __scrt_dllmain_crt_thread_detach 000000018000af64 f   LIBCMT:utility.obj
 0001:00009f7c       __scrt_dllmain_exception_filter 000000018000af7c f   LIBCMT:utility.obj
 0001:00009fe0       __scrt_dllmain_uninitialize_c 000000018000afe0 f   LIBCMT:utility.obj
 0001:0000a010       __scrt_dllmain_uninitialize_critical 000000018000b010 f   LIBCMT:utility.obj
 0001:0000a024       __scrt_initialize_crt      000000018000b024 f   LIBCMT:utility.obj
 0001:0000a070       __scrt_initialize_onexit_tables 000000018000b070 f   LIBCMT:utility.obj
 0001:0000a13c       __scrt_is_nonwritable_in_current_image 000000018000b13c f   LIBCMT:utility.obj
 0001:0000a1d8       __scrt_release_startup_lock 000000018000b1d8 f   LIBCMT:utility.obj
 0001:0000a1fc       __scrt_uninitialize_crt    000000018000b1fc f   LIBCMT:utility.obj
 0001:0000a228       _onexit                    000000018000b228 f   LIBCMT:utility.obj
 0001:0000a278       atexit                     000000018000b278 f   LIBCMT:utility.obj
 0001:0000a290       ??3@YAXPEAX@Z              000000018000b290 f   LIBCMT:delete_scalar.obj
 0001:0000a298       ??3@YAXPEAX_K@Z            000000018000b298 f   LIBCMT:delete_scalar_size.obj
 0001:0000a298       ??_V@YAXPEAX@Z             000000018000b298 f   LIBCMT:delete_array.obj
 0001:0000a5ec       _DllMainCRTStartup         000000018000b5ec f   LIBCMT:dll_dllmain.obj
 0001:0000a62c       __GSHandlerCheck           000000018000b62c f   LIBCMT:_gshandler_.obj
 0001:0000a64c       __GSHandlerCheckCommon     000000018000b64c f   LIBCMT:_gshandler_.obj
 0001:0000a6a8       __GSHandlerCheck_EH        000000018000b6a8 f   LIBCMT:gshandlereh.obj
 0001:0000a728       _guard_check_icall         000000018000b728 f i LIBCMT:checkcfg.obj
 0001:0000a730       ??_Gtype_info@@UEAAPEAXI@Z 000000018000b730 f i LIBCMT:std_type_info_static.obj
 0001:0000a730       ??_Etype_info@@UEAAPEAXI@Z 000000018000b730 f i LIBCMT:std_type_info_static.obj
 0001:0000a770       __chkstk                   000000018000b770 f   LIBCMT:_chkstk_.obj
 0001:0000a770       _alloca_probe              000000018000b770 f   LIBCMT:_chkstk_.obj
 0001:0000a7c4       __raise_securityfailure    000000018000b7c4 f   LIBCMT:gs_report.obj
 0001:0000a7f8       __report_gsfailure         000000018000b7f8 f   LIBCMT:gs_report.obj
 0001:0000a8cc       __report_rangecheckfailure 000000018000b8cc f   LIBCMT:gs_report.obj
 0001:0000a8e0       __report_securityfailure   000000018000b8e0 f   LIBCMT:gs_report.obj
 0001:0000aa60       __crt_debugger_hook        000000018000ba60 f   LIBCMT:utility_desktop.obj
 0001:0000aa68       __scrt_fastfail            000000018000ba68 f   LIBCMT:utility_desktop.obj
 0001:0000abb0       ??0bad_array_new_length@std@@QEAA@AEBV01@@Z 000000018000bbb0 f i LIBCMT:throw_bad_alloc.obj
 0001:0000abf0       ??0bad_array_new_length@std@@QEAA@XZ 000000018000bbf0 f i LIBCMT:throw_bad_alloc.obj
 0001:0000ac10       ?_Xbad_alloc@std@@YAXXZ    000000018000bc10 f   libcpmt:xthrow.obj
 0001:0000ac10       ?__scrt_throw_std_bad_alloc@@YAXXZ 000000018000bc10 f   LIBCMT:throw_bad_alloc.obj
 0001:0000ac30       ?__scrt_throw_std_bad_array_new_length@@YAXXZ 000000018000bc30 f   LIBCMT:throw_bad_alloc.obj
 0001:0000ac50       __isa_available_init       000000018000bc50 f   LIBCMT:_cpu_disp_.obj
 0001:0000ae18       DllMain                    000000018000be18 f   LIBCMT:dll_dllmain_stub.obj
 0001:0000ae18       _get_startup_argv_mode     000000018000be18 f   LIBCMT:argv_mode.obj
 0001:0000ae18       ?do_encoding@codecvt_base@std@@MEBAHXZ 000000018000be18 f   libcpmt:cout.obj
 0001:0000ae18       ?do_max_length@codecvt_base@std@@MEBAHXZ 000000018000be18 f   libcpmt:cout.obj
 0001:0000ae20       __scrt_is_ucrt_dll_in_use  000000018000be20 f   LIBCMT:ucrt_detection.obj
 0001:0000ae2c       __security_init_cookie     000000018000be2c f   LIBCMT:gs_support.obj
 0001:0000aed8       ?__scrt_initialize_type_info@@YAXXZ 000000018000bed8 f   LIBCMT:tncleanup.obj
 0001:0000aee8       ?__scrt_uninitialize_type_info@@YAXXZ 000000018000bee8 f   LIBCMT:tncleanup.obj
 0001:0000aef4       __local_stdio_scanf_options 000000018000bef4 f i LIBCMT:default_local_stdio_options.obj
 0001:0000aefc       __scrt_initialize_default_local_stdio_options 000000018000befc f   LIBCMT:default_local_stdio_options.obj
 0001:0000af18       __scrt_get_dyn_tls_init_callback 000000018000bf18 f   LIBCMT:dyn_tls_init.obj
 0001:0000af20       _RTC_Initialize            000000018000bf20 f   LIBCMT:_initsect_.obj
 0001:0000af6c       _RTC_Terminate             000000018000bf6c f   LIBCMT:_initsect_.obj
 0001:0000afd0       memcpy                     000000018000bfd0 f   libvcruntime:memcpy.obj
 0001:0000afd0       memmove                    000000018000bfd0 f   libvcruntime:memcpy.obj
 0001:0000b408       _purecall                  000000018000c408 f   libvcruntime:purevirt.obj
 0001:0000b444       __DestructExceptionObject  000000018000c444 f   libvcruntime:frame.obj
 0001:0000b4cc       ??0bad_exception@std@@QEAA@AEBV01@@Z 000000018000c4cc f i libvcruntime:frame.obj
 0001:0000b50c       ??0bad_exception@std@@QEAA@XZ 000000018000c50c f i libvcruntime:frame.obj
 0001:0000be88       ?_CallMemberFunction0@@YAXPEAXP6AX0@Z@Z 000000018000ce88 f i libvcruntime:frame.obj
 0001:0000be8c       ?_CallMemberFunction1@@YAXPEAXP6AX0@Z0@Z 000000018000ce8c f i libvcruntime:frame.obj
 0001:0000be98       ?_CallMemberFunction2@@YAXPEAXP6AX0@Z0H@Z 000000018000ce98 f i libvcruntime:frame.obj
 0001:0000bea8       __AdjustPointer            000000018000cea8 f   libvcruntime:frame.obj
 0001:0000becc       __BuildCatchObject         000000018000cecc f   libvcruntime:frame.obj
 0001:0000bf90       __BuildCatchObjectHelper   000000018000cf90 f   libvcruntime:frame.obj
 0001:0000c170       __CxxCallCatchBlock        000000018000d170 f   libvcruntime:frame.obj
 0001:0000c35c       __FrameUnwindFilter        000000018000d35c f   libvcruntime:frame.obj
 0001:0000c3a8       __FrameUnwindToState       000000018000d3a8 f   libvcruntime:frame.obj
 0001:0000c53c       __InternalCxxFrameHandler  000000018000d53c f   libvcruntime:frame.obj
 0001:0000c794       __TypeMatch                000000018000d794 f   libvcruntime:frame.obj
 0001:0000c8d4       __std_terminate            000000018000d8d4 f   libvcruntime:frame.obj
 0001:0000c8e0       __std_exception_copy       000000018000d8e0 f   libvcruntime:std_exception.obj
 0001:0000c970       __std_exception_destroy    000000018000d970 f   libvcruntime:std_exception.obj
 0001:0000c998       _CxxThrowException         000000018000d998 f   libvcruntime:throw.obj
 0001:0000ca70       ?_ExecutionInCatch@@YAHPEAU_xDISPATCHER_CONTEXT@@PEBU_s_FuncInfo@@@Z 000000018000da70 f   libvcruntime:trnsctrl.obj
 0001:0000cae4       ?_GetEstablisherFrame@@YAPEA_KPEA_KPEAU_xDISPATCHER_CONTEXT@@PEBU_s_FuncInfo@@0@Z 000000018000dae4 f   libvcruntime:trnsctrl.obj
 0001:0000cbb0       ?_GetRangeOfTrysToCheck@@YAPEBU_s_TryBlockMapEntry@@PEA_KPEBU_s_FuncInfo@@HHPEAI2PEAU_xDISPATCHER_CONTEXT@@@Z 000000018000dbb0 f   libvcruntime:trnsctrl.obj
 0001:0000ccdc       ?__FrameUnwindToEmptyState@@YAXPEA_KPEAU_xDISPATCHER_CONTEXT@@PEBU_s_FuncInfo@@@Z 000000018000dcdc f   libvcruntime:trnsctrl.obj
 0001:0000cd70       ?__SehTransFilter@@YAHPEAU_EXCEPTION_POINTERS@@PEAUEHExceptionRecord@@PEA_KPEAU_CONTEXT@@PEAU_xDISPATCHER_CONTEXT@@PEBU_s_FuncInfo@@PEAH@Z 000000018000dd70 f   libvcruntime:trnsctrl.obj
 0001:0000ce08       _CallSETranslator          000000018000de08 f   libvcruntime:trnsctrl.obj
 0001:0000ce60       _CreateFrameInfo           000000018000de60 f   libvcruntime:trnsctrl.obj
 0001:0000ce9c       _FindAndUnlinkFrame        000000018000de9c f   libvcruntime:trnsctrl.obj
 0001:0000cef4       _GetImageBase              000000018000def4 f   libvcruntime:trnsctrl.obj
 0001:0000cf08       _GetThrowImageBase         000000018000df08 f   libvcruntime:trnsctrl.obj
 0001:0000cf1c       _IsExceptionObjectToBeDestroyed 000000018000df1c f   libvcruntime:trnsctrl.obj
 0001:0000cf4c       _SetImageBase              000000018000df4c f   libvcruntime:trnsctrl.obj
 0001:0000cf64       _SetThrowImageBase         000000018000df64 f   libvcruntime:trnsctrl.obj
 0001:0000cf7c       _UnwindNestedFrames        000000018000df7c f   libvcruntime:trnsctrl.obj
 0001:0000d0a0       __CxxFrameHandler3         000000018000e0a0 f   libvcruntime:trnsctrl.obj
 0001:0000d130       memset                     000000018000e130 f   libvcruntime:memset.obj
 0001:0000d2e0       memcmp                     000000018000e2e0 f   libvcruntime:memcmp.obj
 0001:0000d570       __vcrt_FlsAlloc            000000018000e570 f   libvcruntime:winapi_downlevel.obj
 0001:0000d5c4       __vcrt_FlsFree             000000018000e5c4 f   libvcruntime:winapi_downlevel.obj
 0001:0000d618       __vcrt_FlsGetValue         000000018000e618 f   libvcruntime:winapi_downlevel.obj
 0001:0000d66c       __vcrt_FlsSetValue         000000018000e66c f   libvcruntime:winapi_downlevel.obj
 0001:0000d6d4       __vcrt_InitializeCriticalSectionEx 000000018000e6d4 f   libvcruntime:winapi_downlevel.obj
 0001:0000d74c       __vcrt_initialize_winapi_thunks 000000018000e74c f   libvcruntime:winapi_downlevel.obj
 0001:0000d798       __vcrt_uninitialize_winapi_thunks 000000018000e798 f   libvcruntime:winapi_downlevel.obj
 0001:0000d7d8       __vcrt_initialize          000000018000e7d8 f   libvcruntime:initialization.obj
 0001:0000d80c       __vcrt_thread_attach       000000018000e80c f   libvcruntime:initialization.obj
 0001:0000d820       __vcrt_thread_detach       000000018000e820 f   libvcruntime:initialization.obj
 0001:0000d834       __vcrt_uninitialize        000000018000e834 f   libvcruntime:initialization.obj
 0001:0000d854       __vcrt_uninitialize_critical 000000018000e854 f   libvcruntime:initialization.obj
 0001:0000d864       __C_specific_handler       000000018000e864 f   libvcruntime:_chandler_.obj
 0001:0000da60       __std_type_info_compare    000000018000ea60 f   libvcruntime:std_type_info.obj
 0001:0000da88       __std_type_info_destroy_list 000000018000ea88 f   libvcruntime:std_type_info.obj
 0001:0000dab4       __vcrt_initialize_pure_virtual_call_handler 000000018000eab4 f   libvcruntime:purevirt_data.obj
 0001:0000dad8       __vcrt_freefls             000000018000ead8 f   libvcruntime:per_thread_data.obj
 0001:0000daf8       __vcrt_freeptd             000000018000eaf8 f   libvcruntime:per_thread_data.obj
 0001:0000db48       __vcrt_getptd              000000018000eb48 f   libvcruntime:per_thread_data.obj
 0001:0000db64       __vcrt_getptd_noexit       000000018000eb64 f   libvcruntime:per_thread_data.obj
 0001:0000dc1c       __vcrt_initialize_ptd      000000018000ec1c f   libvcruntime:per_thread_data.obj
 0001:0000dc5c       __vcrt_uninitialize_ptd    000000018000ec5c f   libvcruntime:per_thread_data.obj
 0001:0000dc80       ?__GetCurrentState@@YAHPEA_KPEAU_xDISPATCHER_CONTEXT@@PEBU_s_FuncInfo@@@Z 000000018000ec80 f   libvcruntime:ehstate.obj
 0001:0000dca8       ?__GetUnwindTryBlock@@YAHPEA_KPEAU_xDISPATCHER_CONTEXT@@PEBU_s_FuncInfo@@@Z 000000018000eca8 f   libvcruntime:ehstate.obj
 0001:0000dcd4       ?__SetState@@YAXPEA_KPEAU_xDISPATCHER_CONTEXT@@PEBU_s_FuncInfo@@H@Z 000000018000ecd4 f   libvcruntime:ehstate.obj
 0001:0000dce0       ?__SetUnwindTryBlock@@YAXPEA_KPEAU_xDISPATCHER_CONTEXT@@PEBU_s_FuncInfo@@H@Z 000000018000ece0 f   libvcruntime:ehstate.obj
 0001:0000dd1c       ?__StateFromControlPc@@YAHPEBU_s_FuncInfo@@PEAU_xDISPATCHER_CONTEXT@@@Z 000000018000ed1c f   libvcruntime:ehstate.obj
 0001:0000dd24       ?__StateFromIp@@YAHPEBU_s_FuncInfo@@PEAU_xDISPATCHER_CONTEXT@@_J@Z 000000018000ed24 f   libvcruntime:ehstate.obj
 0001:0000dda0       _CallSettingFrame          000000018000eda0 f   libvcruntime:handlers.obj
 0001:0000ddf0       _local_unwind              000000018000edf0 f   libvcruntime:_jmpuwind_.obj
 0001:0000de20       _NLG_Notify                000000018000ee20 f   libvcruntime:_jmpuwind_.obj
 0001:0000de40       __NLG_Dispatch2            000000018000ee40 f   libvcruntime:_jmpuwind_.obj
 0001:0000de50       __NLG_Return2              000000018000ee50 f   libvcruntime:_jmpuwind_.obj
 0001:0000de54       __vcrt_initialize_locks    000000018000ee54 f   libvcruntime:locks.obj
 0001:0000de9c       __vcrt_uninitialize_locks  000000018000ee9c f   libvcruntime:locks.obj
 0001:0000ded4       __acrt_call_reportfault    000000018000eed4 f   libucrt:invalid_parameter.obj
 0001:0000e030       __acrt_initialize_invalid_parameter_handler 000000018000f030 f   libucrt:invalid_parameter.obj
 0001:0000e038       _invalid_parameter         000000018000f038 f   libucrt:invalid_parameter.obj
 0001:0000e0e0       _invalid_parameter_noinfo  000000018000f0e0 f   libucrt:invalid_parameter.obj
 0001:0000e100       _invalid_parameter_noinfo_noreturn 000000018000f100 f   libucrt:invalid_parameter.obj
 0001:0000e130       _invoke_watson             000000018000f130 f   libucrt:invalid_parameter.obj
 0001:0000e178       ??0_LocaleUpdate@@QEAA@QEAU__crt_locale_pointers@@@Z 000000018000f178 f i libucrt:stricmp.obj
 0001:0000e208       __ascii_stricmp            000000018000f208 f   libucrt:stricmp.obj
 0001:0000e244       _stricmp                   000000018000f244 f   libucrt:stricmp.obj
 0001:0000e28c       _stricmp_l                 000000018000f28c f   libucrt:stricmp.obj
 0001:0000e340       free                       000000018000f340 f   libucrt:free.obj
 0001:0000e348       __acrt_errno_from_os_error 000000018000f348 f   libucrt:errno.obj
 0001:0000e390       __acrt_errno_map_os_error  000000018000f390 f   libucrt:errno.obj
 0001:0000e3e0       __doserrno                 000000018000f3e0 f   libucrt:errno.obj
 0001:0000e400       _errno                     000000018000f400 f   libucrt:errno.obj
 0001:0000e420       __acrt_initialize_stdio    000000018000f420 f   libucrt:_file.obj
 0001:0000e540       __acrt_iob_func            000000018000f540 f   libucrt:_file.obj
 0001:0000e554       __acrt_uninitialize_stdio  000000018000f554 f   libucrt:_file.obj
 0001:0000e5b0       _get_stream_buffer_pointers 000000018000f5b0 f   libucrt:_file.obj
 0001:0000e5f8       _lock_file                 000000018000f5f8 f   libucrt:_file.obj
 0001:0000e604       _unlock_file               000000018000f604 f   libucrt:_file.obj
 0001:0000e610       _fclose_nolock             000000018000f610 f   libucrt:fclose.obj
 0001:0000e694       fclose                     000000018000f694 f   libucrt:fclose.obj
 0001:0000e700       __acrt_stdio_flush_nolock  000000018000f700 f   libucrt:fflush.obj
 0001:0000e778       _fflush_nolock             000000018000f778 f   libucrt:fflush.obj
 0001:0000e7c4       _flushall                  000000018000f7c4 f   libucrt:fflush.obj
 0001:0000e8b4       fflush                     000000018000f8b4 f   libucrt:fflush.obj
 0001:0000e8f8       _fgetc_nolock              000000018000f8f8 f   libucrt:fgetc.obj
 0001:0000e93c       fgetc                      000000018000f93c f   libucrt:fgetc.obj
 0001:0000ea40       fgetpos                    000000018000fa40 f   libucrt:fgetpos.obj
 0001:0000ea8c       fputc                      000000018000fa8c f   libucrt:fputc.obj
 0001:0000ebac       fsetpos                    000000018000fbac f   libucrt:fsetpos.obj
 0001:0000ee58       _fseeki64                  000000018000fe58 f   libucrt:fseek.obj
 0001:0000ee60       ??$?RV<lambda_5d4c3fee44080f75d5d9762853974fe0>@@AEAV<lambda_532e024f4337e6fc7ad266c2bef9f4ed>@@V<lambda_c87bdc10097eb2402edb8ba9bdf0697b>@@@?$__crt_seh_guarded_call@_K@@QEAA_K$$QEAV<lambda_5d4c3fee44080f75d5d9762853974fe0>@@AEAV<lambda_532e024f4337e6fc7ad266c2bef9f4ed>@@$$QEAV<lambda_c87bdc10097eb2402edb8ba9bdf0697b>@@@Z 000000018000fe60 f i libucrt:fwrite.obj
 0001:0000ef04       _fwrite_nolock             000000018000ff04 f   libucrt:fwrite.obj
 0001:0000f0a0       fwrite                     00000001800100a0 f   libucrt:fwrite.obj
 0001:0000f124       ??$?RV<lambda_7a5ef57ff966f610505f1d28a3d40618>@@AEAV<lambda_b721fa326cdb32351d23dfa67958c160>@@V<lambda_5e0fb27672408a07956fe59e48ccb2aa>@@@?$__crt_seh_guarded_call@H@@QEAAH$$QEAV<lambda_7a5ef57ff966f610505f1d28a3d40618>@@AEAV<lambda_b721fa326cdb32351d23dfa67958c160>@@$$QEAV<lambda_5e0fb27672408a07956fe59e48ccb2aa>@@@Z 0000000180010124 f i libucrt:setvbuf.obj
 0001:0000f254       setvbuf                    0000000180010254 f   libucrt:setvbuf.obj
 0001:0000f2f4       _ungetc_nolock             00000001800102f4 f   libucrt:ungetc.obj
 0001:0000f404       ungetc                     0000000180010404 f   libucrt:ungetc.obj
 0001:0000f464       __acrt_initialize_locks    0000000180010464 f   libucrt:locks.obj
 0001:0000f4ac       __acrt_lock                00000001800104ac f   libucrt:locks.obj
 0001:0000f4c8       __acrt_uninitialize_locks  00000001800104c8 f   libucrt:locks.obj
 0001:0000f500       __acrt_unlock              0000000180010500 f   libucrt:locks.obj
 0001:0000f51c       _lock_locales              000000018001051c f   libucrt:locks.obj
 0001:0000f52c       _unlock_locales            000000018001052c f   libucrt:locks.obj
 0001:0000f53c       _calloc_base               000000018001053c f   libucrt:calloc_base.obj
 0001:0000f5b4       __pctype_func              00000001800105b4 f   libucrt:ctype.obj
 0001:0000f5e4       islower                    00000001800105e4 f i libucrt:_ctype.obj
 0001:0000f658       isupper                    0000000180010658 f i libucrt:_ctype.obj
 0001:0000f6cc       _wcsdup                    00000001800106cc f   libucrt:wcsdup.obj
 0001:0000f750       ___lc_codepage_func        0000000180010750 f   libucrt:initctype.obj
 0001:0000f780       ___lc_locale_name_func     0000000180010780 f   libucrt:initctype.obj
 0001:0000f7b4       __acrt_locale_initialize_ctype 00000001800107b4 f   libucrt:initctype.obj
 0001:0000fd88       malloc                     0000000180010d88 f   libucrt:malloc.obj
 0001:0000fe78       setlocale                  0000000180010e78 f   libucrt:setlocale.obj
 0001:00010044       abort                      0000000180011044 f   libucrt:abort.obj
 0001:0001009c       __strncnt                  000000018001109c f   libucrt:strncnt.obj
 0001:000100b4       _free_base                 00000001800110b4 f   libucrt:free_base.obj
 0001:000100f4       _malloc_base               00000001800110f4 f   libucrt:malloc_base.obj
 0001:00010154       _realloc_base              0000000180011154 f   libucrt:realloc_base.obj
 0001:000101e0       pow                        00000001800111e0 f   libucrt:pow.obj
 0001:00011880       powf                       0000000180012880 f   libucrt:powf.obj
 0001:00012748       wcscpy_s                   0000000180013748 f   libucrt:wcscpy_s.obj
 0001:000127b0       wcsnlen                    00000001800137b0 f   libucrt:strnlen.obj
 0001:00012a18       _ismbblead                 0000000180013a18 f   libucrt:ismbbyte.obj
 0001:00012a7c       _tolower_l                 0000000180013a7c f   libucrt:tolower_toupper.obj
 0001:00012bbc       __acrt_initialize_new_handler 0000000180013bbc f   libucrt:new_handler.obj
 0001:00012bc4       _callnewh                  0000000180013bc4 f   libucrt:new_handler.obj
 0001:00012c04       _query_new_handler         0000000180013c04 f   libucrt:new_handler.obj
 0001:00012c38       _seh_filter_dll            0000000180013c38 f   libucrt:exception_filter.obj
 0001:00012c4c       _seh_filter_exe            0000000180013c4c f   libucrt:exception_filter.obj
 0001:0001300c       __acrt_initialize_thread_local_exit_callback 000000018001400c f   libucrt:exit.obj
 0001:00013014       _cexit                     0000000180014014 f   libucrt:exit.obj
 0001:00013024       _exit                      0000000180014024 f   libucrt:exit.obj
 0001:00013030       _is_c_termination_complete 0000000180014030 f   libucrt:exit.obj
 0001:000131f4       __acrt_allocate_buffer_for_argv 00000001800141f4 f   libucrt:argv_parsing.obj
 0001:00013258       _configure_narrow_argv     0000000180014258 f   libucrt:argv_parsing.obj
 0001:000135b4       __dcrt_uninitialize_environments_nolock 00000001800145b4 f   libucrt:environment_initialization.obj
 0001:000135ec       _initialize_narrow_environment 00000001800145ec f   libucrt:environment_initialization.obj
 0001:000135f4       ??$?RV<lambda_b8c45f8f788dd370798f47cfe8ac3a86>@@AEAV<lambda_4e60a939b0d047cfe11ddc22648dfba9>@@V<lambda_332c3edc96d0294ec56c57d38c1cdfd5>@@@?$__crt_seh_guarded_call@H@@QEAAH$$QEAV<lambda_b8c45f8f788dd370798f47cfe8ac3a86>@@AEAV<lambda_4e60a939b0d047cfe11ddc22648dfba9>@@$$QEAV<lambda_332c3edc96d0294ec56c57d38c1cdfd5>@@@Z 00000001800145f4 f i libucrt:onexit.obj
 0001:00013630       ??$?RV<lambda_e24bbb7b643b32fcea6fa61b31d4c984>@@AEAV<lambda_275893d493268fdec8709772e3fcec0e>@@V<lambda_9d71df4d7cf3f480f8d633942495c3b0>@@@?$__crt_seh_guarded_call@H@@QEAAH$$QEAV<lambda_e24bbb7b643b32fcea6fa61b31d4c984>@@AEAV<lambda_275893d493268fdec8709772e3fcec0e>@@$$QEAV<lambda_9d71df4d7cf3f480f8d633942495c3b0>@@@Z 0000000180014630 f i libucrt:onexit.obj
 0001:000139ac       _crt_atexit                00000001800149ac f   libucrt:onexit.obj
 0001:000139bc       _execute_onexit_table      00000001800149bc f   libucrt:onexit.obj
 0001:000139f8       _initialize_onexit_table   00000001800149f8 f   libucrt:onexit.obj
 0001:00013a38       _register_onexit_function  0000000180014a38 f   libucrt:onexit.obj
 0001:00013ac8       __acrt_uninitialize_command_line 0000000180014ac8 f   libucrt:argv_data.obj
 0001:00013ac8       ?do_always_noconv@?$codecvt@DDU_Mbstatet@@@std@@MEBA_NXZ 0000000180014ac8 f   libcpmt:cout.obj
 0001:00013bb8       __acrt_initialize          0000000180014bb8 f   libucrt:initialization.obj
 0001:00013bcc       __acrt_thread_attach       0000000180014bcc f   libucrt:initialization.obj
 0001:00013be0       __acrt_thread_detach       0000000180014be0 f   libucrt:initialization.obj
 0001:00013bf0       __acrt_uninitialize        0000000180014bf0 f   libucrt:initialization.obj
 0001:00013c04       __acrt_uninitialize_critical 0000000180014c04 f   libucrt:initialization.obj
 0001:00013c14       _initterm                  0000000180014c14 f   libucrt:initterm.obj
 0001:00013c8c       _initterm_e                0000000180014c8c f   libucrt:initterm.obj
 0001:00013cd8       terminate                  0000000180014cd8 f   libucrt:terminate.obj
 0001:00013d00       strcpy_s                   0000000180014d00 f   libucrt:strcpy_s.obj
 0001:00013d60       ??$is_overflow_condition@K@__crt_strtox@@YA_NIK@Z 0000000180014d60 f i libucrt:atox.obj
 0001:00013d8c       ??$make_c_string_character_source@_W$$T@__crt_strtox@@YA?AV?$c_string_character_source@_W@0@QEB_W$$T@Z 0000000180014d8c f i libucrt:atox.obj
 0001:00013da0       ??$parse_integer@KV?$c_string_character_source@_W@__crt_strtox@@@__crt_strtox@@YAKQEAU__crt_locale_pointers@@V?$c_string_character_source@_W@0@H_N@Z 0000000180014da0 f i libucrt:atox.obj
 0001:00014474       _wtol                      0000000180015474 f   libucrt:atox.obj
 0001:000144a0       ??$?RV<lambda_46352004c1216016012b18bd6f87e700>@@AEAV<lambda_3bd07e1a1191394380780325891bf33f>@@V<lambda_334532d3f185bcaa59b5be82d7d22bff>@@@?$__crt_seh_guarded_call@X@@QEAAX$$QEAV<lambda_46352004c1216016012b18bd6f87e700>@@AEAV<lambda_3bd07e1a1191394380780325891bf33f>@@$$QEAV<lambda_334532d3f185bcaa59b5be82d7d22bff>@@@Z 00000001800154a0 f i libucrt:per_thread_data.obj
 0001:00014500       ??$?RV<lambda_5e887d1dcbef67a5eb4283622ba103bf>@@AEAV<lambda_4466841279450cc726390878d4a41900>@@V<lambda_341c25c0346d94847f1f3c463c57e077>@@@?$__crt_seh_guarded_call@X@@QEAAX$$QEAV<lambda_5e887d1dcbef67a5eb4283622ba103bf>@@AEAV<lambda_4466841279450cc726390878d4a41900>@@$$QEAV<lambda_341c25c0346d94847f1f3c463c57e077>@@@Z 0000000180015500 f i libucrt:per_thread_data.obj
 0001:00014548       ??$?RV<lambda_72d1df2b273a38828b1ce30cbf4cdab5>@@AEAV<lambda_876a65b173b8412d3a47c70a915b0cf4>@@V<lambda_41932305e351933ebe8f8be3ed8bb5dc>@@@?$__crt_seh_guarded_call@X@@QEAAX$$QEAV<lambda_72d1df2b273a38828b1ce30cbf4cdab5>@@AEAV<lambda_876a65b173b8412d3a47c70a915b0cf4>@@$$QEAV<lambda_41932305e351933ebe8f8be3ed8bb5dc>@@@Z 0000000180015548 f i libucrt:per_thread_data.obj
 0001:00014588       ??$?RV<lambda_fb3a7dec4e47f37f22dae91bb15c9095>@@AEAV<lambda_698284760c8add0bfb0756c19673e34b>@@V<lambda_dfb8eca1e75fef3034a8fb18dd509707>@@@?$__crt_seh_guarded_call@X@@QEAAX$$QEAV<lambda_fb3a7dec4e47f37f22dae91bb15c9095>@@AEAV<lambda_698284760c8add0bfb0756c19673e34b>@@$$QEAV<lambda_dfb8eca1e75fef3034a8fb18dd509707>@@@Z 0000000180015588 f i libucrt:per_thread_data.obj
 0001:00014818       __acrt_freeptd             0000000180015818 f   libucrt:per_thread_data.obj
 0001:0001485c       __acrt_getptd              000000018001585c f   libucrt:per_thread_data.obj
 0001:000148f0       __acrt_getptd_noexit       00000001800158f0 f   libucrt:per_thread_data.obj
 0001:00014990       __acrt_initialize_ptd      0000000180015990 f   libucrt:per_thread_data.obj
 0001:000149cc       __acrt_uninitialize_ptd    00000001800159cc f   libucrt:per_thread_data.obj
 0001:000149f0       __acrt_update_locale_info  00000001800159f0 f   libucrt:locale_update.obj
 0001:00014a24       __acrt_update_multibyte_info 0000000180015a24 f   libucrt:locale_update.obj
 0001:00014a58       ??$?RV<lambda_5df02c53a8f32f81fd64e5bbb78039f1>@@AEAV<lambda_2af78c5f5901b1372d98f9ab3177dfa6>@@AEAV<lambda_f51fe5fd7c79a33db34fc9310f277369>@@@?$__crt_seh_guarded_call@X@@QEAAX$$QEAV<lambda_5df02c53a8f32f81fd64e5bbb78039f1>@@AEAV<lambda_2af78c5f5901b1372d98f9ab3177dfa6>@@AEAV<lambda_f51fe5fd7c79a33db34fc9310f277369>@@@Z 0000000180015a58 f i libucrt:wsetlocale.obj
 0001:00014a84       ??$?RV<lambda_d67e8342c384adda8f857579ab50b2ae>@@AEAV<lambda_30712929f77e709619002f448b6a9510>@@V<lambda_4525336fd7e478d965fb7ca7a337cad8>@@@?$__crt_seh_guarded_call@X@@QEAAX$$QEAV<lambda_d67e8342c384adda8f857579ab50b2ae>@@AEAV<lambda_30712929f77e709619002f448b6a9510>@@$$QEAV<lambda_4525336fd7e478d965fb7ca7a337cad8>@@@Z 0000000180015a84 f i libucrt:wsetlocale.obj
 0001:00014c50       __acrt_copy_locale_name    0000000180015c50 f   libucrt:wsetlocale.obj
 0001:00014cd4       __acrt_set_locale_changed  0000000180015cd4 f   libucrt:wsetlocale.obj
 0001:00014ce0       __acrt_uninitialize_locale 0000000180015ce0 f   libucrt:wsetlocale.obj
 0001:00014d28       __lc_lctowcs               0000000180015d28 f   libucrt:wsetlocale.obj
 0001:00014dcc       __lc_wcstolc               0000000180015dcc f   libucrt:wsetlocale.obj
 0001:00015044       _expandlocale              0000000180016044 f   libucrt:wsetlocale.obj
 0001:00015440       _wcscats                   0000000180016440 f   libucrt:wsetlocale.obj
 0001:000154a8       _wsetlocale                00000001800164a8 f   libucrt:wsetlocale.obj
 0001:00015d38       ??$?RV<lambda_630b2aca97f6d20d5b5ea6529ea6b6af>@@AEAV<lambda_af91936f1d075d609f72d9d8cba980af>@@V<lambda_e82fa975f615b5c7c7b0e4d178fdae67>@@@?$__crt_seh_guarded_call@H@@QEAAH$$QEAV<lambda_630b2aca97f6d20d5b5ea6529ea6b6af>@@AEAV<lambda_af91936f1d075d609f72d9d8cba980af>@@$$QEAV<lambda_e82fa975f615b5c7c7b0e4d178fdae67>@@@Z 0000000180016d38 f i libucrt:winapi_thunks.obj
 0001:00015f70       __acrt_EnumSystemLocalesEx 0000000180016f70 f   libucrt:winapi_thunks.obj
 0001:00016018       __acrt_FlsAlloc            0000000180017018 f   libucrt:winapi_thunks.obj
 0001:00016070       __acrt_FlsFree             0000000180017070 f   libucrt:winapi_thunks.obj
 0001:000160c8       __acrt_FlsGetValue         00000001800170c8 f   libucrt:winapi_thunks.obj
 0001:00016120       __acrt_FlsSetValue         0000000180017120 f   libucrt:winapi_thunks.obj
 0001:00016188       __acrt_GetLocaleInfoEx     0000000180017188 f   libucrt:winapi_thunks.obj
 0001:00016220       __acrt_GetUserDefaultLocaleName 0000000180017220 f   libucrt:winapi_thunks.obj
 0001:00016294       __acrt_InitializeCriticalSectionEx 0000000180017294 f   libucrt:winapi_thunks.obj
 0001:0001630c       __acrt_IsValidLocaleName   000000018001730c f   libucrt:winapi_thunks.obj
 0001:00016374       __acrt_LCIDToLocaleName    0000000180017374 f   libucrt:winapi_thunks.obj
 0001:00016400       __acrt_LCMapStringEx       0000000180017400 f   libucrt:winapi_thunks.obj
 0001:000164f0       __acrt_LocaleNameToLCID    00000001800174f0 f   libucrt:winapi_thunks.obj
 0001:00016558       __acrt_can_use_vista_locale_apis 0000000180017558 f   libucrt:winapi_thunks.obj
 0001:00016588       __acrt_initialize_winapi_thunks 0000000180017588 f   libucrt:winapi_thunks.obj
 0001:000165c0       __acrt_is_packaged_app     00000001800175c0 f   libucrt:winapi_thunks.obj
 0001:00016648       __acrt_uninitialize_winapi_thunks 0000000180017648 f   libucrt:winapi_thunks.obj
 0001:0001668c       _fcloseall                 000000018001768c f   libucrt:closeall.obj
 0001:00016740       __acrt_stdio_free_buffer_nolock 0000000180017740 f   libucrt:_freebuf.obj
 0001:00016968       __acrt_initialize_lowio    0000000180017968 f   libucrt:ioinit.obj
 0001:000169a4       __acrt_uninitialize_lowio  00000001800179a4 f   libucrt:ioinit.obj
 0001:000169e4       ??$?RV<lambda_bfedae4ebbf01fab1bb6dcc6a9e276e0>@@AEAV<lambda_2fe9b910cf3cbf4a0ab98a02ba45b3ec>@@V<lambda_237c231691f317818eb88cc1d5d642d6>@@@?$__crt_seh_guarded_call@H@@QEAAH$$QEAV<lambda_bfedae4ebbf01fab1bb6dcc6a9e276e0>@@AEAV<lambda_2fe9b910cf3cbf4a0ab98a02ba45b3ec>@@$$QEAV<lambda_237c231691f317818eb88cc1d5d642d6>@@@Z 00000001800179e4 f i libucrt:close.obj
 0001:00016a58       _close                     0000000180017a58 f   libucrt:close.obj
 0001:00016afc       _close_nolock              0000000180017afc f   libucrt:close.obj
 0001:00016bb8       _fileno                    0000000180017bb8 f   libucrt:fileno.obj
 0001:00016be0       ?__acrt_stdio_free_stream@@YAXV__crt_stdio_stream@@@Z 0000000180017be0 f   libucrt:stream.obj
 0001:00016c24       ??$?RV<lambda_b521505b218e5242e90febf6bfebc422>@@AEAV<lambda_6978c1fb23f02e42e1d9e99668cc68aa>@@V<lambda_314360699dd331753a4119843814e9a7>@@@?$__crt_seh_guarded_call@H@@QEAAH$$QEAV<lambda_b521505b218e5242e90febf6bfebc422>@@AEAV<lambda_6978c1fb23f02e42e1d9e99668cc68aa>@@$$QEAV<lambda_314360699dd331753a4119843814e9a7>@@@Z 0000000180017c24 f i libucrt:commit.obj
 0001:00016cb0       _commit                    0000000180017cb0 f   libucrt:commit.obj
 0001:000172e4       _write                     00000001800182e4 f   libucrt:write.obj
 0001:000173d0       _write_nolock              00000001800183d0 f   libucrt:write.obj
 0001:0001785c       __acrt_stdio_refill_and_read_narrow_nolock 000000018001885c f   libucrt:_filbuf.obj
 0001:00017d20       _ftelli64                  0000000180018d20 f   libucrt:ftell.obj
 0001:00017d28       _ftelli64_nolock           0000000180018d28 f   libucrt:ftell.obj
 0001:00017e34       __acrt_stdio_flush_and_write_narrow_nolock 0000000180018e34 f   libucrt:_flsbuf.obj
 0001:000180a8       _lseeki64                  00000001800190a8 f   libucrt:lseek.obj
 0001:000180b0       _lseeki64_nolock           00000001800190b0 f   libucrt:lseek.obj
 0001:000180b8       __acrt_stdio_begin_temporary_buffering_nolock 00000001800190b8 f   libucrt:_sftbuf.obj
 0001:00018188       __acrt_stdio_end_temporary_buffering_nolock 0000000180019188 f   libucrt:_sftbuf.obj
 0001:000181c4       __acrt_stdio_allocate_buffer_nolock 00000001800191c4 f   libucrt:_getbuf.obj
 0001:00018228       _query_new_mode            0000000180019228 f   libucrt:new_mode.obj
 0001:00018230       __acrt_initialize_heap     0000000180019230 f   libucrt:heap_handle.obj
 0001:0001824c       __acrt_uninitialize_heap   000000018001924c f   libucrt:heap_handle.obj
 0001:00018258       _isctype_l                 0000000180019258 f   libucrt:isctype.obj
 0001:00018508       __acrt_GetLocaleInfoA      0000000180019508 f   libucrt:getlocaleinfoa.obj
 0001:000186d0       __acrt_GetStringTypeA      00000001800196d0 f   libucrt:getstringtypea.obj
 0001:00018be0       __acrt_LCMapStringA        0000000180019be0 f   libucrt:lcmapstringa.obj
 0001:00018e54       _mbstowcs_s_l              0000000180019e54 f   libucrt:mbstowcs.obj
 0001:00018f84       mbstowcs_s                 0000000180019f84 f   libucrt:mbstowcs.obj
 0001:000192d8       _wcstombs_s_l              000000018001a2d8 f   libucrt:wcstombs.obj
 0001:000193c4       ??$?RV<lambda_c36588078e9f5dfd39652860aa6b3aaf>@@AEAV<lambda_ec61778202f4f5fc7e7711acc23c3bca>@@V<lambda_dc9d2797ccde5d239b4a0efae8ebd7db>@@@?$__crt_seh_guarded_call@P6AXH@Z@@QEAAP6AXH@Z$$QEAV<lambda_c36588078e9f5dfd39652860aa6b3aaf>@@AEAV<lambda_ec61778202f4f5fc7e7711acc23c3bca>@@$$QEAV<lambda_dc9d2797ccde5d239b4a0efae8ebd7db>@@@Z 000000018001a3c4 f i libucrt:signal.obj
 0001:0001940c       __acrt_get_sigabrt_handler 000000018001a40c f   libucrt:signal.obj
 0001:0001943c       __acrt_initialize_signal_handlers 000000018001a43c f   libucrt:signal.obj
 0001:0001945c       raise                      000000018001a45c f   libucrt:signal.obj
 0001:000196f8       iswctype                   000000018001a6f8 f   libucrt:iswctype.obj
 0001:00019768       _raise_exc                 000000018001a768 f   libucrt:fpexcept.obj
 0001:00019790       _raise_exc_ex              000000018001a790 f   libucrt:fpexcept.obj
 0001:00019a98       _raise_excf                000000018001aa98 f   libucrt:fpexcept.obj
 0001:00019ac4       _set_errno_from_matherr    000000018001aac4 f   libucrt:fpexcept.obj
 0001:00019af4       _clrfp                     000000018001aaf4 f   libucrt:fpctrl.obj
 0001:00019b14       _ctrlfp                    000000018001ab14 f   libucrt:fpctrl.obj
 0001:00019b90       _set_statfp                000000018001ab90 f   libucrt:fpctrl.obj
 0001:00019bb0       _statfp                    000000018001abb0 f   libucrt:fpctrl.obj
 0001:00019bc4       _mbtowc_l                  000000018001abc4 f   libucrt:mbtowc.obj
 0001:00019d0c       mbtowc                     000000018001ad0c f   libucrt:mbtowc.obj
 0001:00019d20       __acrt_initialize_fma3     000000018001ad20 f   libucrt:fma3_available.obj
 0001:00019d90       _pow_special               000000018001ad90 f   libucrt:pow_special.obj
 0001:00019eb4       _powf_special              000000018001aeb4 f   libucrt:pow_special.obj
 0001:0001a040       _wcsicmp                   000000018001b040 f   libucrt:wcsicmp.obj
 0001:0001a0c8       _wcsicmp_l                 000000018001b0c8 f   libucrt:wcsicmp.obj
 0001:0001a1b8       __acrt_initialize_timeset  000000018001b1b8 f   libucrt:timeset.obj
 0001:0001a1e8       _isleadbyte_l              000000018001b1e8 f i libucrt:_wctype.obj
 0001:0001a704       ?expand_if_necessary@?$argument_list@D@?A0xca0879c4@@AEAAHXZ 000000018001b704 f i libucrt:argv_wildcards.obj
 0001:0001a7cc       __acrt_expand_narrow_argv_wildcards 000000018001b7cc f   libucrt:argv_wildcards.obj
 0001:0001a7d4       ??$?RV<lambda_99476a1ad63dd22509b5d3e65b0ffc95>@@AEAV<lambda_ad1ced32f4ac17aa236e5ef05d6b3b7c>@@V<lambda_f7424dd8d45958661754dc4f2697e9c3>@@@?$__crt_seh_guarded_call@X@@QEAAX$$QEAV<lambda_99476a1ad63dd22509b5d3e65b0ffc95>@@AEAV<lambda_ad1ced32f4ac17aa236e5ef05d6b3b7c>@@$$QEAV<lambda_f7424dd8d45958661754dc4f2697e9c3>@@@Z 000000018001b7d4 f i libucrt:mbctype.obj
 0001:0001aed0       __acrt_initialize_multibyte 000000018001bed0 f   libucrt:mbctype.obj
 0001:0001aef8       __acrt_update_thread_multibyte_data 000000018001bef8 f   libucrt:mbctype.obj
 0001:0001afb8       _setmbcp_nolock            000000018001bfb8 f   libucrt:mbctype.obj
 0001:0001b260       __acrt_initialize_command_line 000000018001c260 f   libucrt:argv_data.obj
 0001:0001b288       __dcrt_get_narrow_environment_from_os 000000018001c288 f   libucrt:get_environment_from_os.obj
 0001:0001b38c       _recalloc                  000000018001c38c f   libucrt:recalloc.obj
 0001:0001b394       _recalloc_base             000000018001c394 f   libucrt:recalloc.obj
 0001:0001b42c       __acrt_execute_initializers 000000018001c42c f   libucrt:shared_initialization.obj
 0001:0001b4c0       __acrt_execute_uninitializers 000000018001c4c0 f   libucrt:shared_initialization.obj
 0001:0001b510       __acrt_has_user_matherr    000000018001c510 f   libucrt:matherr.obj
 0001:0001b530       __acrt_initialize_user_matherr 000000018001c530 f   libucrt:matherr.obj
 0001:0001b538       __acrt_invoke_user_matherr 000000018001c538 f   libucrt:matherr.obj
 0001:0001b580       __acrt_add_locale_ref      000000018001c580 f   libucrt:locale_refcounting.obj
 0001:0001b60c       __acrt_free_locale         000000018001c60c f   libucrt:locale_refcounting.obj
 0001:0001b784       __acrt_locale_add_lc_time_reference 000000018001c784 f   libucrt:locale_refcounting.obj
 0001:0001b7ac       __acrt_locale_free_lc_time_if_unreferenced 000000018001c7ac f   libucrt:locale_refcounting.obj
 0001:0001b7e4       __acrt_locale_release_lc_time_reference 000000018001c7e4 f   libucrt:locale_refcounting.obj
 0001:0001b80c       __acrt_release_locale_ref  000000018001c80c f   libucrt:locale_refcounting.obj
 0001:0001b8b4       __acrt_update_thread_locale_data 000000018001c8b4 f   libucrt:locale_refcounting.obj
 0001:0001b924       _updatetlocinfoEx_nolock   000000018001c924 f   libucrt:locale_refcounting.obj
 0001:0001b98c       __acrt_locale_free_monetary 000000018001c98c f   libucrt:initmon.obj
 0001:0001ba98       __acrt_locale_initialize_monetary 000000018001ca98 f   libucrt:initmon.obj
 0001:0001bfd0       __acrt_locale_free_numeric 000000018001cfd0 f   libucrt:initnum.obj
 0001:0001c03c       __acrt_locale_initialize_numeric 000000018001d03c f   libucrt:initnum.obj
 0001:0001c6c0       __acrt_locale_free_time    000000018001d6c0 f   libucrt:inittime.obj
 0001:0001c7c8       __acrt_locale_initialize_time 000000018001d7c8 f   libucrt:inittime.obj
 0001:0001c85c       wcscat_s                   000000018001d85c f   libucrt:wcscat_s.obj
 0001:0001c8dc       wcsncpy_s                  000000018001d8dc f   libucrt:wcsncpy_s.obj
 0001:0001c9c0       wcscspn                    000000018001d9c0 f   libucrt:wcscspn.obj
 0001:0001ca00       wcsncmp                    000000018001da00 f   libucrt:wcsncmp.obj
 0001:0001ca2c       wcspbrk                    000000018001da2c f   libucrt:wcspbrk.obj
 0001:0001d2d0       __acrt_get_qualified_locale 000000018001e2d0 f   libucrt:get_qualified_locale.obj
 0001:0001dcbc       __acrt_get_qualified_locale_downlevel 000000018001ecbc f   libucrt:getqloc_downlevel.obj
 0001:0001e014       __acrt_DownlevelLCIDToLocaleName 000000018001f014 f   libucrt:lcidtoname_downlevel.obj
 0001:0001e0f8       __acrt_DownlevelLocaleNameToLCID 000000018001f0f8 f   libucrt:lcidtoname_downlevel.obj
 0001:0001e12c       __acrt_lowio_create_handle_array 000000018001f12c f   libucrt:osfinfo.obj
 0001:0001e1c4       __acrt_lowio_destroy_handle_array 000000018001f1c4 f   libucrt:osfinfo.obj
 0001:0001e214       __acrt_lowio_ensure_fh_exists 000000018001f214 f   libucrt:osfinfo.obj
 0001:0001e2cc       __acrt_lowio_lock_fh       000000018001f2cc f   libucrt:osfinfo.obj
 0001:0001e2f0       __acrt_lowio_unlock_fh     000000018001f2f0 f   libucrt:osfinfo.obj
 0001:0001e314       _free_osfhnd               000000018001f314 f   libucrt:osfinfo.obj
 0001:0001e3d0       _get_osfhandle             000000018001f3d0 f   libucrt:osfinfo.obj
 0001:0001e448       _isatty                    000000018001f448 f   libucrt:isatty.obj
 0001:0001e4a8       _putwch_nolock             000000018001f4a8 f   libucrt:putwch.obj
 0001:0001ea34       _read                      000000018001fa34 f   libucrt:read.obj
 0001:0001eb4c       _read_nolock               000000018001fb4c f   libucrt:read.obj
 0001:0001efb4       strncpy_s                  000000018001ffb4 f   libucrt:strncpy_s.obj
 0001:0001f0a0       _get_fpsr                  00000001800200a0 f   libucrt:fpsr.obj
 0001:0001f0b0       _set_fpsr                  00000001800200b0 f   libucrt:fpsr.obj
 0001:0001f0ba       _fclrf                     00000001800200ba f   libucrt:fpsr.obj
 0001:0001f0ce       _frnd                      00000001800200ce f   libucrt:fpsr.obj
 0001:0001f214       _handle_error              0000000180020214 f   libucrt:libm_error.obj
 0001:0001f33c       _handle_errorf             000000018002033c f   libucrt:libm_error.obj
 0001:0001f470       _handle_nan                0000000180020470 f   libucrt:libm_error.obj
 0001:0001f48c       _handle_nanf               000000018002048c f   libucrt:libm_error.obj
 0001:0001f49c       _towlower_l                000000018002049c f   libucrt:towlower.obj
 0001:0001f630       qsort                      0000000180020630 f   libucrt:qsort.obj
 0001:0001f964       strpbrk                    0000000180020964 f   libucrt:strpbrk.obj
 0001:0001fa04       _mbsdec                    0000000180020a04 f   libucrt:mbsdec.obj
 0001:0001fa0c       _mbsdec_l                  0000000180020a0c f   libucrt:mbsdec.obj
 0001:0001fabc       _msize                     0000000180020abc f   libucrt:msize.obj
 0001:0001fc20       _itow_s                    0000000180020c20 f   libucrt:xtoa.obj
 0001:0001fc40       _wcsnicmp                  0000000180020c40 f   libucrt:wcsnicmp.obj
 0001:0001fcdc       _wcsnicmp_l                0000000180020cdc f   libucrt:wcsnicmp.obj
 0001:0001fdf4       wcscmp                     0000000180020df4 f   libucrt:wcscmp.obj
 0001:0001fe2c       _query_app_type            0000000180020e2c f   libucrt:report_runtime_error.obj
 0001:0001fe34       __dcrt_lowio_initialize_console_output 0000000180020e34 f   libucrt:initcon.obj
 0001:0001fe70       __dcrt_terminate_console_output 0000000180020e70 f   libucrt:initcon.obj
 0001:0001fe90       log10                      0000000180020e90 f   libucrt:log10.obj
 0001:0002043c       __acrt_LCMapStringW        000000018002143c f   libucrt:lcmapstringw.obj
 0001:000204d0       _log10_special             00000001800214d0 f   libucrt:log_special.obj
 0001:00020586       IsProcessorFeaturePresent  0000000180021586 f   kernel32:KERNEL32.dll
 0001:0002058c       RtlUnwindEx                000000018002158c f   kernel32:KERNEL32.dll
 0001:00020594       ?DloadAcquireSectionWriteAccess@@YAXXZ 0000000180021594 f i DelayImp:delayhlp.obj
 0001:00020650       ?DloadGetSRWLockFunctionPointers@@YAEXZ 0000000180021650 f i DelayImp:delayhlp.obj
 0001:000206ec       ?DloadMakePermanentImageCommit@@YAXPEAX_K@Z 00000001800216ec f i DelayImp:delayhlp.obj
 0001:00020784       ?DloadObtainSection@@YAPEAXPEAK0@Z 0000000180021784 f i DelayImp:delayhlp.obj
 0001:0002081c       ?DloadProtectSection@@YAXKPEAK@Z 000000018002181c f i DelayImp:delayhlp.obj
 0001:000208ac       ?DloadReleaseSectionWriteAccess@@YAXXZ 00000001800218ac f i DelayImp:delayhlp.obj
 0001:00020950       __delayLoadHelper2         0000000180021950 f   DelayImp:delayhlp.obj
 0001:00020c50       _FindPESection             0000000180021c50 f   LIBCMT:pesect.obj
 0001:00020ca0       _IsNonwritableInCurrentImage 0000000180021ca0 f   LIBCMT:pesect.obj
 0001:00020cf0       _ValidateImageBase         0000000180021cf0 f   LIBCMT:pesect.obj
 0001:00020d20       wcschr                     0000000180021d20 f   libvcruntime:wcschr.obj
 0001:00020dd0       _guard_dispatch_icall_nop  0000000180021dd0 f   LIBCMT:_guard_dispatch_.obj
 0001:000213b0       ??__F_Static@?1???$_Immortalize@V_Iostream_error_category@std@@@std@@YAAEAV_Iostream_error_category@0@XZ@YAXXZ 00000001800223b0 f i familyTree.obj
 0002:00000000       __imp_GetModuleHandleA     0000000180023000     kernel32:KERNEL32.dll
 0002:00000008       __imp_WideCharToMultiByte  0000000180023008     kernel32:KERNEL32.dll
 0002:00000010       __imp_EncodePointer        0000000180023010     kernel32:KERNEL32.dll
 0002:00000018       __imp_DecodePointer        0000000180023018     kernel32:KERNEL32.dll
 0002:00000020       __imp_EnterCriticalSection 0000000180023020     kernel32:KERNEL32.dll
 0002:00000028       __imp_LeaveCriticalSection 0000000180023028     kernel32:KERNEL32.dll
 0002:00000030       __imp_DeleteCriticalSection 0000000180023030     kernel32:KERNEL32.dll
 0002:00000038       __imp_MultiByteToWideChar  0000000180023038     kernel32:KERNEL32.dll
 0002:00000040       __imp_SetLastError         0000000180023040     kernel32:KERNEL32.dll
 0002:00000048       __imp_InitializeCriticalSectionAndSpinCount 0000000180023048     kernel32:KERNEL32.dll
 0002:00000050       __imp_CreateEventW         0000000180023050     kernel32:KERNEL32.dll
 0002:00000058       __imp_TlsAlloc             0000000180023058     kernel32:KERNEL32.dll
 0002:00000060       __imp_TlsGetValue          0000000180023060     kernel32:KERNEL32.dll
 0002:00000068       __imp_TlsSetValue          0000000180023068     kernel32:KERNEL32.dll
 0002:00000070       __imp_TlsFree              0000000180023070     kernel32:KERNEL32.dll
 0002:00000078       __imp_GetSystemTimeAsFileTime 0000000180023078     kernel32:KERNEL32.dll
 0002:00000080       __imp_GetModuleHandleW     0000000180023080     kernel32:KERNEL32.dll
 0002:00000088       __imp_GetProcAddress       0000000180023088     kernel32:KERNEL32.dll
 0002:00000090       __imp_LCMapStringW         0000000180023090     kernel32:KERNEL32.dll
 0002:00000098       __imp_GetLocaleInfoW       0000000180023098     kernel32:KERNEL32.dll
 0002:000000a0       __imp_GetStringTypeW       00000001800230a0     kernel32:KERNEL32.dll
 0002:000000a8       __imp_GetCPInfo            00000001800230a8     kernel32:KERNEL32.dll
 0002:000000b0       __imp_CloseHandle          00000001800230b0     kernel32:KERNEL32.dll
 0002:000000b8       __imp_SetEvent             00000001800230b8     kernel32:KERNEL32.dll
 0002:000000c0       __imp_ResetEvent           00000001800230c0     kernel32:KERNEL32.dll
 0002:000000c8       __imp_WaitForSingleObjectEx 00000001800230c8     kernel32:KERNEL32.dll
 0002:000000d0       __imp_RtlCaptureContext    00000001800230d0     kernel32:KERNEL32.dll
 0002:000000d8       __imp_RtlLookupFunctionEntry 00000001800230d8     kernel32:KERNEL32.dll
 0002:000000e0       __imp_RtlVirtualUnwind     00000001800230e0     kernel32:KERNEL32.dll
 0002:000000e8       __imp_UnhandledExceptionFilter 00000001800230e8     kernel32:KERNEL32.dll
 0002:000000f0       __imp_SetUnhandledExceptionFilter 00000001800230f0     kernel32:KERNEL32.dll
 0002:000000f8       __imp_GetCurrentProcess    00000001800230f8     kernel32:KERNEL32.dll
 0002:00000100       __imp_TerminateProcess     0000000180023100     kernel32:KERNEL32.dll
 0002:00000108       __imp_IsProcessorFeaturePresent 0000000180023108     kernel32:KERNEL32.dll
[...]
 0004:00001c44       $pdata$_msize              000000018003bc44     libucrt:msize.obj
 0004:00001c50       $pdata$??$common_xtox@K_W@@YAHKQEA_W_KI_N@Z 000000018003bc50     libucrt:xtoa.obj
 0004:00001c5c       $pdata$??$common_xtox_s@K_W@@YAHKQEA_W_KI_N@Z 000000018003bc5c     libucrt:xtoa.obj
 0004:00001c68       $pdata$_itow_s             000000018003bc68     libucrt:xtoa.obj
 0004:00001c74       $pdata$_wcsnicmp           000000018003bc74     libucrt:wcsnicmp.obj
 0004:00001c80       $pdata$_wcsnicmp_l         000000018003bc80     libucrt:wcsnicmp.obj
 0004:00001c8c       $pdata$__dcrt_lowio_initialize_console_output 000000018003bc8c     libucrt:initcon.obj
 0004:00001c98       $pdata$__dcrt_terminate_console_output 000000018003bc98     libucrt:initcon.obj
 0004:00001cb0       $pdata$__acrt_LCMapStringW 000000018003bcb0     libucrt:lcmapstringw.obj
 0004:00001cbc       $pdata$_log10_special      000000018003bcbc     libucrt:log_special.obj
 0004:00001cc8       $pdata$_log_special_common 000000018003bcc8     libucrt:log_special.obj
 0004:00001cd4       $pdata$?DloadAcquireSectionWriteAccess@@YAXXZ 000000018003bcd4     DelayImp:delayhlp.obj
 0004:00001ce0       $pdata$?DloadGetSRWLockFunctionPointers@@YAEXZ 000000018003bce0     DelayImp:delayhlp.obj
 0004:00001cec       $pdata$?DloadMakePermanentImageCommit@@YAXPEAX_K@Z 000000018003bcec     DelayImp:delayhlp.obj
 0004:00001cf8       $pdata$?DloadObtainSection@@YAPEAXPEAK0@Z 000000018003bcf8     DelayImp:delayhlp.obj
 0004:00001d04       $pdata$?DloadProtectSection@@YAXKPEAK@Z 000000018003bd04     DelayImp:delayhlp.obj
 0004:00001d10       $pdata$?DloadReleaseSectionWriteAccess@@YAXXZ 000000018003bd10     DelayImp:delayhlp.obj
 0004:00001d1c       $pdata$__delayLoadHelper2  000000018003bd1c     DelayImp:delayhlp.obj
 0004:00001d28       $pdata$_IsNonwritableInCurrentImage 000000018003bd28     LIBCMT:pesect.obj
 0004:00001d34       $pdata$wcschr              000000018003bd34     libvcruntime:wcschr.obj
 0004:00001d4c       $pdata$?dtor$0@?0???0?$basic_ostream@DU?$char_traits@D@std@@@std@@QEAA@PEAV?$basic_streambuf@DU?$char_traits@D@std@@@1@_N@Z@4HA 000000018003bd4c     libcpmt:cout.obj
 0004:00001d58       $pdata$?dtor$0@?0??_Getcat@?$codecvt@DDU_Mbstatet@@@std@@SA_KPEAPEBVfacet@locale@2@PEBV42@@Z@4HA 000000018003bd58     libcpmt:cout.obj
 0004:00001d64       $pdata$?dtor$0@?0??_Getcat@?$ctype@D@std@@SA_KPEAPEBVfacet@locale@2@PEBV42@@Z@4HA 000000018003bd64     libcpmt:cout.obj
 0004:00001d70       $pdata$__scrt_is_nonwritable_in_current_image$filt$0 000000018003bd70     LIBCMT:utility.obj
 0004:00001d7c       $pdata$?fin$0@?0??dllmain_crt_process_attach@@YAHQEAUHINSTANCE__@@QEAX@Z@4HA 000000018003bd7c     LIBCMT:dll_dllmain.obj
 0004:00001d88       $pdata$?fin$0@?0??dllmain_crt_process_detach@@YAH_N@Z@4HA 000000018003bd88     LIBCMT:dll_dllmain.obj
 0004:00001d94       $pdata$?filt$0@?0??dllmain_dispatch@@YAHQEAUHINSTANCE__@@KQEAX@Z@4HA 000000018003bd94     LIBCMT:dll_dllmain.obj
 0004:00001da0       $pdata$__CxxCallCatchBlock$filt$0 000000018003bda0     libvcruntime:frame.obj
 0004:00001dac       $pdata$__CxxCallCatchBlock$fin$1 000000018003bdac     libvcruntime:frame.obj
 0004:00001db8       $pdata$__DestructExceptionObject$filt$0 000000018003bdb8     libvcruntime:frame.obj
 0004:00001dc4       $pdata$__FrameUnwindToState$filt$0 000000018003bdc4     libvcruntime:frame.obj
 0004:00001dd0       $pdata$__FrameUnwindToState$fin$1 000000018003bdd0     libvcruntime:frame.obj
 0004:00001ddc       $pdata$_CallSETranslator$filt$0 000000018003bddc     libvcruntime:trnsctrl.obj
 0004:00001de8       $pdata$common_flush_all$fin$0 000000018003bde8     libucrt:fflush.obj
 0004:00001df4       $pdata$common_flush_all$fin$1 000000018003bdf4     libucrt:fflush.obj
 0004:00001e00       $pdata$fflush$fin$0        000000018003be00     libucrt:fflush.obj
 0004:00001e00       $pdata$fclose$fin$0        000000018003be00     libucrt:fclose.obj
 0004:00001e0c       $pdata$fgetc$fin$0         000000018003be0c     libucrt:fgetc.obj
 0004:00001e18       $pdata$fputc$fin$0         000000018003be18     libucrt:fputc.obj
 0004:00001e24       $pdata$?fin$0@?0???$common_ftell@_J@@YA_JV__crt_stdio_stream@@@Z@4HA 000000018003be24     libucrt:ftell.obj
 0004:00001e24       $pdata$?fin$0@?0??common_fseek@@YAHV__crt_stdio_stream@@_JH@Z@4HA 000000018003be24     libucrt:fseek.obj
 0004:00001e30       $pdata$?fin$0@?0???$?RV<lambda_5d4c3fee44080f75d5d9762853974fe0>@@AEAV<lambda_532e024f4337e6fc7ad266c2bef9f4ed>@@V<lambda_c87bdc10097eb2402edb8ba9bdf0697b>@@@?$__crt_seh_guarded_call@_K@@QEAA_K$$QEAV<lambda_5d4c3fee44080f75d5d9762853974fe0>@@AEAV<lambda_532e024f4337e6fc7ad266c2bef9f4ed>@@$$QEAV<lambda_c87bdc10097eb2402edb8ba9bdf0697b>@@@Z@4HA 000000018003be30     libucrt:fwrite.obj
 0004:00001e30       $pdata$?fin$0@?0???$?RV<lambda_7a5ef57ff966f610505f1d28a3d40618>@@AEAV<lambda_b721fa326cdb32351d23dfa67958c160>@@V<lambda_5e0fb27672408a07956fe59e48ccb2aa>@@@?$__crt_seh_guarded_call@H@@QEAAH$$QEAV<lambda_7a5ef57ff966f610505f1d28a3d40618>@@AEAV<lambda_b721fa326cdb32351d23dfa67958c160>@@$$QEAV<lambda_5e0fb27672408a07956fe59e48ccb2aa>@@@Z@4HA 000000018003be30     libucrt:setvbuf.obj
 0004:00001e3c       $pdata$ungetc$fin$0        000000018003be3c     libucrt:ungetc.obj
 0004:00001e48       $pdata$setlocale$fin$0     000000018003be48     libucrt:setlocale.obj
 0004:00001e54       $pdata$_query_new_handler$fin$0 000000018003be54     libucrt:new_handler.obj
 0004:00001e60       $pdata$?filt$0@?0??common_exit@@YAXHW4_crt_exit_cleanup_mode@@W4_crt_exit_return_mode@@@Z@4HA 000000018003be60     libucrt:exit.obj
 0004:00001e6c       $pdata$?fin$1@?0??common_exit@@YAXHW4_crt_exit_cleanup_mode@@W4_crt_exit_return_mode@@@Z@4HA 000000018003be6c     libucrt:exit.obj
 0004:00001e78       $pdata$?fin$0@?0???$?RV<lambda_e24bbb7b643b32fcea6fa61b31d4c984>@@AEAV<lambda_275893d493268fdec8709772e3fcec0e>@@V<lambda_9d71df4d7cf3f480f8d633942495c3b0>@@@?$__crt_seh_guarded_call@H@@QEAAH$$QEAV<lambda_e24bbb7b643b32fcea6fa61b31d4c984>@@AEAV<lambda_275893d493268fdec8709772e3fcec0e>@@$$QEAV<lambda_9d71df4d7cf3f480f8d633942495c3b0>@@@Z@4HA 000000018003be78     libucrt:onexit.obj
 0004:00001e84       $pdata$?fin$0@?0???$?RV<lambda_c36588078e9f5dfd39652860aa6b3aaf>@@AEAV<lambda_ec61778202f4f5fc7e7711acc23c3bca>@@V<lambda_dc9d2797ccde5d239b4a0efae8ebd7db>@@@?$__crt_seh_guarded_call@P6AXH@Z@@QEAAP6AXH@Z$$QEAV<lambda_c36588078e9f5dfd39652860aa6b3aaf>@@AEAV<lambda_ec61778202f4f5fc7e7711acc23c3bca>@@$$QEAV<lambda_dc9d2797ccde5d239b4a0efae8ebd7db>@@@Z@4HA 000000018003be84     libucrt:signal.obj
 0004:00001e84       $pdata$?fin$0@?0???$?RV<lambda_5e887d1dcbef67a5eb4283622ba103bf>@@AEAV<lambda_4466841279450cc726390878d4a41900>@@V<lambda_341c25c0346d94847f1f3c463c57e077>@@@?$__crt_seh_guarded_call@X@@QEAAX$$QEAV<lambda_5e887d1dcbef67a5eb4283622ba103bf>@@AEAV<lambda_4466841279450cc726390878d4a41900>@@$$QEAV<lambda_341c25c0346d94847f1f3c463c57e077>@@@Z@4HA 000000018003be84     libucrt:per_thread_data.obj
 0004:00001e84       $pdata$?fin$0@?0???$?RV<lambda_d67e8342c384adda8f857579ab50b2ae>@@AEAV<lambda_30712929f77e709619002f448b6a9510>@@V<lambda_4525336fd7e478d965fb7ca7a337cad8>@@@?$__crt_seh_guarded_call@X@@QEAAX$$QEAV<lambda_d67e8342c384adda8f857579ab50b2ae>@@AEAV<lambda_30712929f77e709619002f448b6a9510>@@$$QEAV<lambda_4525336fd7e478d965fb7ca7a337cad8>@@@Z@4HA 000000018003be84     libucrt:wsetlocale.obj
 0004:00001e84       $pdata$?fin$0@?0???$?RV<lambda_99476a1ad63dd22509b5d3e65b0ffc95>@@AEAV<lambda_ad1ced32f4ac17aa236e5ef05d6b3b7c>@@V<lambda_f7424dd8d45958661754dc4f2697e9c3>@@@?$__crt_seh_guarded_call@X@@QEAAX$$QEAV<lambda_99476a1ad63dd22509b5d3e65b0ffc95>@@AEAV<lambda_ad1ced32f4ac17aa236e5ef05d6b3b7c>@@$$QEAV<lambda_f7424dd8d45958661754dc4f2697e9c3>@@@Z@4HA 000000018003be84     libucrt:mbctype.obj
 0004:00001e84       $pdata$?fin$0@?0???$?RV<lambda_46352004c1216016012b18bd6f87e700>@@AEAV<lambda_3bd07e1a1191394380780325891bf33f>@@V<lambda_334532d3f185bcaa59b5be82d7d22bff>@@@?$__crt_seh_guarded_call@X@@QEAAX$$QEAV<lambda_46352004c1216016012b18bd6f87e700>@@AEAV<lambda_3bd07e1a1191394380780325891bf33f>@@$$QEAV<lambda_334532d3f185bcaa59b5be82d7d22bff>@@@Z@4HA 000000018003be84     libucrt:per_thread_data.obj
 0004:00001e84       $pdata$?fin$0@?0???$?RV<lambda_fb3a7dec4e47f37f22dae91bb15c9095>@@AEAV<lambda_698284760c8add0bfb0756c19673e34b>@@V<lambda_dfb8eca1e75fef3034a8fb18dd509707>@@@?$__crt_seh_guarded_call@X@@QEAAX$$QEAV<lambda_fb3a7dec4e47f37f22dae91bb15c9095>@@AEAV<lambda_698284760c8add0bfb0756c19673e34b>@@$$QEAV<lambda_dfb8eca1e75fef3034a8fb18dd509707>@@@Z@4HA 000000018003be84     libucrt:per_thread_data.obj
 0004:00001e84       $pdata$?fin$0@?0???$?RV<lambda_630b2aca97f6d20d5b5ea6529ea6b6af>@@AEAV<lambda_af91936f1d075d609f72d9d8cba980af>@@V<lambda_e82fa975f615b5c7c7b0e4d178fdae67>@@@?$__crt_seh_guarded_call@H@@QEAAH$$QEAV<lambda_630b2aca97f6d20d5b5ea6529ea6b6af>@@AEAV<lambda_af91936f1d075d609f72d9d8cba980af>@@$$QEAV<lambda_e82fa975f615b5c7c7b0e4d178fdae67>@@@Z@4HA 000000018003be84     libucrt:winapi_thunks.obj
 0004:00001e84       $pdata$?fin$0@?0???$?RV<lambda_b8c45f8f788dd370798f47cfe8ac3a86>@@AEAV<lambda_4e60a939b0d047cfe11ddc22648dfba9>@@V<lambda_332c3edc96d0294ec56c57d38c1cdfd5>@@@?$__crt_seh_guarded_call@H@@QEAAH$$QEAV<lambda_b8c45f8f788dd370798f47cfe8ac3a86>@@AEAV<lambda_4e60a939b0d047cfe11ddc22648dfba9>@@$$QEAV<lambda_332c3edc96d0294ec56c57d38c1cdfd5>@@@Z@4HA 000000018003be84     libucrt:onexit.obj
 0004:00001e84       $pdata$?fin$0@?0???$?RV<lambda_72d1df2b273a38828b1ce30cbf4cdab5>@@AEAV<lambda_876a65b173b8412d3a47c70a915b0cf4>@@V<lambda_41932305e351933ebe8f8be3ed8bb5dc>@@@?$__crt_seh_guarded_call@X@@QEAAX$$QEAV<lambda_72d1df2b273a38828b1ce30cbf4cdab5>@@AEAV<lambda_876a65b173b8412d3a47c70a915b0cf4>@@$$QEAV<lambda_41932305e351933ebe8f8be3ed8bb5dc>@@@Z@4HA 000000018003be84     libucrt:per_thread_data.obj
 0004:00001e90       $pdata$?fin$0@?0???$?RV<lambda_5df02c53a8f32f81fd64e5bbb78039f1>@@AEAV<lambda_2af78c5f5901b1372d98f9ab3177dfa6>@@AEAV<lambda_f51fe5fd7c79a33db34fc9310f277369>@@@?$__crt_seh_guarded_call@X@@QEAAX$$QEAV<lambda_5df02c53a8f32f81fd64e5bbb78039f1>@@AEAV<lambda_2af78c5f5901b1372d98f9ab3177dfa6>@@AEAV<lambda_f51fe5fd7c79a33db34fc9310f277369>@@@Z@4HA 000000018003be90     libucrt:wsetlocale.obj
 0004:00001e9c       $pdata$__acrt_uninitialize_locale$fin$0 000000018003be9c     libucrt:wsetlocale.obj
 0004:00001e9c       $pdata$__acrt_update_thread_locale_data$fin$0 000000018003be9c     libucrt:locale_refcounting.obj
 0004:00001ea8       $pdata$_fcloseall$fin$0    000000018003bea8     libucrt:closeall.obj
 0004:00001eb4       $pdata$?fin$0@?0???$?RV<lambda_b521505b218e5242e90febf6bfebc422>@@AEAV<lambda_6978c1fb23f02e42e1d9e99668cc68aa>@@V<lambda_314360699dd331753a4119843814e9a7>@@@?$__crt_seh_guarded_call@H@@QEAAH$$QEAV<lambda_b521505b218e5242e90febf6bfebc422>@@AEAV<lambda_6978c1fb23f02e42e1d9e99668cc68aa>@@$$QEAV<lambda_314360699dd331753a4119843814e9a7>@@@Z@4HA 000000018003beb4     libucrt:commit.obj
 0004:00001eb4       $pdata$?fin$0@?0???$?RV<lambda_bfedae4ebbf01fab1bb6dcc6a9e276e0>@@AEAV<lambda_2fe9b910cf3cbf4a0ab98a02ba45b3ec>@@V<lambda_237c231691f317818eb88cc1d5d642d6>@@@?$__crt_seh_guarded_call@H@@QEAAH$$QEAV<lambda_bfedae4ebbf01fab1bb6dcc6a9e276e0>@@AEAV<lambda_2fe9b910cf3cbf4a0ab98a02ba45b3ec>@@$$QEAV<lambda_237c231691f317818eb88cc1d5d642d6>@@@Z@4HA 000000018003beb4     libucrt:close.obj
 0004:00001ec0       $pdata$raise$fin$0         000000018003bec0     libucrt:signal.obj
 0004:00001ecc       $pdata$_ctrlfp$filt$0      000000018003becc     libucrt:fpctrl.obj
 0004:00001ed8       $pdata$__acrt_update_thread_multibyte_data$fin$0 000000018003bed8     libucrt:mbctype.obj
 0004:00001ee4       $pdata$__acrt_lowio_ensure_fh_exists$fin$0 000000018003bee4     libucrt:osfinfo.obj
 0004:00001ee4       $pdata$__acrt_initialize_lowio$fin$0 000000018003bee4     libucrt:ioinit.obj
 0004:00001ef0       $pdata$_write$fin$0        000000018003bef0     libucrt:write.obj
 0004:00001ef0       $pdata$?fin$0@?0???$common_lseek@_J@@YA_JH_JH@Z@4HA 000000018003bef0     libucrt:lseek.obj
 0004:00001ef0       $pdata$_read$fin$0         000000018003bef0     libucrt:read.obj
 0004:00001efc       $pdata$_IsNonwritableInCurrentImage$filt$0 000000018003befc     LIBCMT:pesect.obj
 0004:00001f08       $pdata$??__Froot@@YAXXZ    000000018003bf08     familyTree.obj
 0004:00001f14       $pdata$0$??__Froot@@YAXXZ  000000018003bf14     familyTree.obj
 0004:00001f20       $pdata$1$??__Froot@@YAXXZ  000000018003bf20     familyTree.obj
 0004:00001f2c       $pdata$??__Fcout@std@@YAXXZ 000000018003bf2c     libcpmt:cout.obj
 0004:00001f38       $pdata$??__F_Fac_tidy_reg@std@@YAXXZ 000000018003bf38     libcpmt:locale0.obj
 0004:00001f44       $pdata$??__Fclassic_locale@std@@YAXXZ 000000018003bf44     libcpmt:locale0.obj
 0004:00001f50       $pdata$??__Finit_atexit@@YAXXZ 000000018003bf50     libcpmt:iosptrs.obj
 0005:00000000       __guard_fids__             000000018003c000     libucrt:initialization.obj
 0005:00000060       __guard_fids___acrt_initialize_ptd 000000018003c060     libucrt:per_thread_data.obj
 0005:00000064       __guard_fids__             000000018003c064     libucrt:wsetlocale.obj
 0005:0000007c       __guard_fids__             000000018003c07c     libucrt:stdio_initializer.obj
 0005:00000080       __guard_fids__             000000018003c080     libucrt:stdio_initializer.obj
 0005:00000084       __guard_fids_??$?RV<lambda_630b2aca97f6d20d5b5ea6529ea6b6af>@@AEAV<lambda_af91936f1d075d609f72d9d8cba980af>@@V<lambda_e82fa975f615b5c7c7b0e4d178fdae67>@@@?$__crt_seh_guarded_call@H@@QEAAH$$QEAV<lambda_630b2aca97f6d20d5b5ea6529ea6b6af>@@AEAV<lambda_af91936f1d075d609f72d9d8cba980af>@@$$QEAV<lambda_e82fa975f615b5c7c7b0e4d178fdae67>@@@Z 000000018003c084     libucrt:winapi_thunks.obj
 0005:00000088       __guard_fids_??$expand_argument_wildcards@D@@YAHQEAD0AEAV?$argument_list@D@?A0xca0879c4@@@Z 000000018003c088     libucrt:argv_wildcards.obj
 0005:0000008c       __guard_fids__             000000018003c08c     libucrt:locale_initializer.obj
 0005:00000090       __guard_fids_GetLocaleNameFromLangCountry 000000018003c090     libucrt:get_qualified_locale.obj
 0005:00000094       __guard_fids_GetLocaleNameFromLanguage 000000018003c094     libucrt:get_qualified_locale.obj
 0005:00000098       __guard_fids___acrt_get_qualified_locale_downlevel 000000018003c098     libucrt:getqloc_downlevel.obj
 0005:0000009c       __guard_fids_GetLcidFromLangCountry 000000018003c09c     libucrt:getqloc_downlevel.obj
 0005:000000a0       __guard_fids_GetLcidFromLanguage 000000018003c0a0     libucrt:getqloc_downlevel.obj
 0005:000000a4       __guard_fids__             000000018003c0a4     libucrt:fma3_initializer.obj
 0005:000000a8       __guard_fids__             000000018003c0a8     libucrt:timeset_initializer.obj
 0005:000000ac       __guard_fids__             000000018003c0ac     libucrt:multibyte_initializer.obj
 0005:000000b0       __guard_fids__             000000018003c0b0     libucrt:console_output_initializer.obj
 0005:000000b4       __guard_fids_??__Einitlocks@@YAXXZ 000000018003c0b4     libcpmt:cout.obj
 0005:000000b8       __guard_fids_??__Efout@std@@YAXXZ 000000018003c0b8     libcpmt:cout.obj
 0005:000000bc       __guard_fids_??__Ecout@std@@YAXXZ 000000018003c0bc     libcpmt:cout.obj
 0005:000000c0       __guard_fids__             000000018003c0c0     libcpmt:cout.obj
 0005:000000c8       __guard_fids__             000000018003c0c8     libcpmt:cout.obj
 0005:000000d0       __guard_fids__             000000018003c0d0     libcpmt:cout.obj
 0005:000000d8       __guard_fids__             000000018003c0d8     libcpmt:cout.obj
 0005:000000e4       __guard_fids__             000000018003c0e4     libcpmt:cout.obj
 0005:00000110       __guard_fids__             000000018003c110     libcpmt:cout.obj
 0005:00000128       __guard_fids__             000000018003c128     libcpmt:cout.obj
 0005:00000130       __guard_fids__             000000018003c130     libcpmt:cout.obj
 0005:00000148       __guard_fids__             000000018003c148     libcpmt:cout.obj
 0005:00000150       __guard_fids__             000000018003c150     libcpmt:cout.obj
 0005:00000154       __guard_fids__             000000018003c154     libcpmt:cout.obj
 0005:00000190       __guard_fids__             000000018003c190     libcpmt:cout.obj
 0005:000001cc       __guard_fids__             000000018003c1cc     libcpmt:cout.obj
 0005:000001d0       __guard_fids__             000000018003c1d0     libcpmt:cout.obj
 0005:000001d4       __guard_fids__             000000018003c1d4     libcpmt:cout.obj
 0005:000001fc       __guard_fids__             000000018003c1fc     libcpmt:cout.obj
 0005:00000200       __guard_fids__             000000018003c200     libcpmt:cout.obj
 0005:00000204       __guard_fids__             000000018003c204     libcpmt:cout.obj
 0005:00000208       __guard_fids__             000000018003c208     libcpmt:cout.obj
 0005:0000020c       __guard_fids__             000000018003c20c     libcpmt:xthrow.obj
 0005:00000214       __guard_fids__             000000018003c214     libcpmt:xthrow.obj
 0005:0000021c       __guard_fids__             000000018003c21c     libcpmt:xthrow.obj
 0005:00000224       __guard_fids__             000000018003c224     libcpmt:xthrow.obj
 0005:0000022c       __guard_fids_??__Einitlocks@std@@YAXXZ 000000018003c22c     libcpmt:xlock.obj
 0005:00000230       __guard_fids__             000000018003c230     libcpmt:xlock.obj
 0005:00000234       __guard_fids_??__E_Fac_tidy_reg@std@@YAXXZ 000000018003c234     libcpmt:locale0.obj
 0005:00000238       __guard_fids_?_Setgloballocale@locale@std@@CAXPEAX@Z 000000018003c238     libcpmt:locale0.obj
 0005:0000023c       __guard_fids_??__Eclassic_locale@std@@YAXXZ 000000018003c23c     libcpmt:locale0.obj
 0005:00000240       __guard_fids__             000000018003c240     libcpmt:locale0.obj
 0005:0000024c       __guard_fids__             000000018003c24c     libcpmt:locale0.obj
 0005:00000250       __guard_fids__             000000018003c250     libcpmt:locale0.obj
 0005:00000254       __guard_fids_??__Einitlocks@std@@YAXXZ 000000018003c254     libcpmt:iosptrs.obj
 0005:00000258       __guard_fids_??__Einit_atexit@@YAXXZ 000000018003c258     libcpmt:iosptrs.obj
 0005:0000025c       __guard_fids__             000000018003c25c     libcpmt:iosptrs.obj
 0005:00000260       __guard_fids__             000000018003c260     libcpmt:iosptrs.obj
 0005:00000264       __guard_fids__             000000018003c264     libcpmt:winapisupp.obj
 0005:00000268       __guard_fids__             000000018003c268     LIBCMT:thread_safe_statics.obj
 0005:0000026c       __guard_fids_?__scrt_initialize_thread_safe_statics@@YAHXZ 000000018003c26c     LIBCMT:thread_safe_statics.obj
 0005:00000270       __guard_fids_?dllmain_crt_process_attach@@YAHQEAUHINSTANCE__@@QEAX@Z 000000018003c270     LIBCMT:dll_dllmain.obj
 0005:00000278       __guard_fids_?dllmain_dispatch@@YAHQEAUHINSTANCE__@@KQEAX@Z 000000018003c278     LIBCMT:dll_dllmain.obj
 0005:0000027c       __guard_fids__             000000018003c27c     LIBCMT:std_type_info_static.obj
 0005:00000280       __guard_fids__             000000018003c280     LIBCMT:throw_bad_alloc.obj
 0005:00000288       __guard_fids__             000000018003c288     LIBCMT:guard_support.obj
 0005:0000028c       __guard_fids__             000000018003c28c     libvcruntime:frame.obj
 0005:00000290       __guard_fids__             000000018003c290     libvcruntime:frame.obj
 0005:00000298       __guard_fids__UnwindNestedFrames 000000018003c298     libvcruntime:trnsctrl.obj
 0005:0000029c       __guard_fids___vcrt_initialize_ptd 000000018003c29c     libvcruntime:per_thread_data.obj
 0007:00000060       $R000000                   000000018003e060     * linker generated manifest res *

 Exports

  ordinal    name

        1    _register_familyTree_
